Archive member included because of file (symbol)

c:/devkitPro/libnds/lib\libfat.a(libfat.o)
                              main.o (fatInitDefault)
c:/devkitPro/libnds/lib\libfat.a(partition.o)
                              c:/devkitPro/libnds/lib\libfat.a(libfat.o) (_FAT_partition_constructor)
c:/devkitPro/libnds/lib\libfat.a(cache.o)
                              c:/devkitPro/libnds/lib\libfat.a(partition.o) (_FAT_cache_constructor)
c:/devkitPro/libnds/lib\libfat.a(directory.o)
                              c:/devkitPro/libnds/lib\libfat.a(libfat.o) (_FAT_directory_getVolumeLabel)
c:/devkitPro/libnds/lib\libfat.a(disc.o)
                              c:/devkitPro/libnds/lib\libfat.a(libfat.o) (_FAT_disc_interfaces)
c:/devkitPro/libnds/lib\libfat.a(fatdir.o)
                              c:/devkitPro/libnds/lib\libfat.a(libfat.o) (_FAT_stat_r)
c:/devkitPro/libnds/lib\libfat.a(fatfile.o)
                              c:/devkitPro/libnds/lib\libfat.a(libfat.o) (_FAT_open_r)
c:/devkitPro/libnds/lib\libfat.a(file_allocation_table.o)
                              c:/devkitPro/libnds/lib\libfat.a(directory.o) (_FAT_fat_nextCluster)
c:/devkitPro/libnds/lib\libfat.a(filetime.o)
                              c:/devkitPro/libnds/lib\libfat.a(fatdir.o) (_FAT_filetime_getTimeFromRTC)
c:/devkitPro/libnds/lib\libfat.a(lock.o)
                              c:/devkitPro/libnds/lib\libfat.a(partition.o) (_FAT_lock_init)
c:/devkitpro/devkitarm/bin/../lib/gcc/arm-eabi/4.7.0/../../../../arm-eabi/lib/thumb\libstdc++.a(new_op.o)
                              file_browse.o (_Znwj)
c:/devkitpro/devkitarm/bin/../lib/gcc/arm-eabi/4.7.0/../../../../arm-eabi/lib/thumb\libstdc++.a(eh_call.o)
                              c:/devkitpro/devkitarm/bin/../lib/gcc/arm-eabi/4.7.0/../../../../arm-eabi/lib/thumb\libstdc++.a(new_op.o) (__cxa_call_unexpected)
c:/devkitpro/devkitarm/bin/../lib/gcc/arm-eabi/4.7.0/../../../../arm-eabi/lib/thumb\libstdc++.a(eh_personality.o)
                              c:/devkitpro/devkitarm/bin/../lib/gcc/arm-eabi/4.7.0/../../../../arm-eabi/lib/thumb\libstdc++.a(new_op.o) (__gxx_personality_v0)
c:/devkitpro/devkitarm/bin/../lib/gcc/arm-eabi/4.7.0/../../../../arm-eabi/lib/thumb\libstdc++.a(del_op.o)
                              file_browse.o (_ZdlPv)
c:/devkitpro/devkitarm/bin/../lib/gcc/arm-eabi/4.7.0/../../../../arm-eabi/lib/thumb\libstdc++.a(eh_terminate.o)
                              c:/devkitpro/devkitarm/bin/../lib/gcc/arm-eabi/4.7.0/../../../../arm-eabi/lib/thumb\libstdc++.a(eh_call.o) (_ZN10__cxxabiv111__terminateEPFvvE)
c:/devkitpro/devkitarm/bin/../lib/gcc/arm-eabi/4.7.0/../../../../arm-eabi/lib/thumb\libstdc++.a(eh_exception.o)
                              c:/devkitpro/devkitarm/bin/../lib/gcc/arm-eabi/4.7.0/../../../../arm-eabi/lib/thumb\libstdc++.a(eh_call.o) (_ZNSt13bad_exceptionD1Ev)
c:/devkitpro/devkitarm/bin/../lib/gcc/arm-eabi/4.7.0/../../../../arm-eabi/lib/thumb\libstdc++.a(eh_alloc.o)
                              c:/devkitpro/devkitarm/bin/../lib/gcc/arm-eabi/4.7.0/../../../../arm-eabi/lib/thumb\libstdc++.a(new_op.o) (__cxa_allocate_exception)
c:/devkitpro/devkitarm/bin/../lib/gcc/arm-eabi/4.7.0/../../../../arm-eabi/lib/thumb\libstdc++.a(bad_alloc.o)
                              c:/devkitpro/devkitarm/bin/../lib/gcc/arm-eabi/4.7.0/../../../../arm-eabi/lib/thumb\libstdc++.a(new_op.o) (_ZNSt9bad_allocD1Ev)
c:/devkitpro/devkitarm/bin/../lib/gcc/arm-eabi/4.7.0/../../../../arm-eabi/lib/thumb\libstdc++.a(class_type_info.o)
                              c:/devkitpro/devkitarm/bin/../lib/gcc/arm-eabi/4.7.0/../../../../arm-eabi/lib/thumb\libstdc++.a(eh_exception.o) (_ZTVN10__cxxabiv117__class_type_infoE)
c:/devkitpro/devkitarm/bin/../lib/gcc/arm-eabi/4.7.0/../../../../arm-eabi/lib/thumb\libstdc++.a(new_handler.o)
                              c:/devkitpro/devkitarm/bin/../lib/gcc/arm-eabi/4.7.0/../../../../arm-eabi/lib/thumb\libstdc++.a(new_op.o) (__new_handler)
c:/devkitpro/devkitarm/bin/../lib/gcc/arm-eabi/4.7.0/../../../../arm-eabi/lib/thumb\libstdc++.a(string-inst.o)
                              file_browse.o (_ZNSs4_Rep20_S_empty_rep_storageE)
c:/devkitpro/devkitarm/bin/../lib/gcc/arm-eabi/4.7.0/../../../../arm-eabi/lib/thumb\libstdc++.a(functexcept.o)
                              c:/devkitpro/devkitarm/bin/../lib/gcc/arm-eabi/4.7.0/../../../../arm-eabi/lib/thumb\libstdc++.a(string-inst.o) (_ZSt19__throw_logic_errorPKc)
c:/devkitpro/devkitarm/bin/../lib/gcc/arm-eabi/4.7.0/../../../../arm-eabi/lib/thumb\libstdc++.a(eh_arm.o)
                              c:/devkitpro/devkitarm/bin/../lib/gcc/arm-eabi/4.7.0/../../../../arm-eabi/lib/thumb\libstdc++.a(new_op.o) (__cxa_end_cleanup)
c:/devkitpro/devkitarm/bin/../lib/gcc/arm-eabi/4.7.0/../../../../arm-eabi/lib/thumb\libstdc++.a(eh_throw.o)
                              c:/devkitpro/devkitarm/bin/../lib/gcc/arm-eabi/4.7.0/../../../../arm-eabi/lib/thumb\libstdc++.a(new_op.o) (__cxa_throw)
[...]
Memory Configuration

Name             Origin             Length             Attributes
rom              0x08000000         0x02000000
gbarom           0x02180000         0x00280000
gbaew            0x02000000         0x00040000
ewram            0x02040000         0x00140000
dtcm             0x0b000000         0x00004000
vectors          0x01000000         0x00000300
itcm             0x01000300         0x00007d00
*default*        0x00000000         0xffffffff

Linker script and memory map

                0x01000000                __vectors_start = ORIGIN (vectors)
                0x01000300                __itcm_start = ORIGIN (itcm)
                0x02180000                __ewram_end = (ORIGIN (ewram) + 0x140000)
                0x02180000                __eheap_end = (ORIGIN (ewram) + 0x140000)
                0x0b000000                __dtcm_start = ORIGIN (dtcm)
                0x0b004000                __dtcm_top = (ORIGIN (dtcm) + 0x4000)
                0x0b003ff8                __irq_flags = (__dtcm_top - 0x8)
                0x0b003ffc                __irq_vector = (__dtcm_top - 0x4)
                0x0b003f00                __sp_svc = (__dtcm_top - 0x100)
                0x0b003e00                __sp_irq = (__sp_svc - 0x100)
                0x0b003600                __sp_usr = (__sp_irq - 0x800)

.init           0x02040000      0x23c
                0x02040000                __text_start = .
 *(.init)
 .init          0x02040000      0x230 c:/devkitpro/devkitarm/bin/../lib/gcc/arm-eabi/4.7.0/../../../../arm-eabi/lib/thumb/ds_arm9_crt0.o
                0x02040000                _start
 .init          0x02040230        0x4 c:/devkitpro/devkitarm/bin/../lib/gcc/arm-eabi/4.7.0/thumb/crti.o
                0x02040230                _init
 .init          0x02040234        0x8 c:/devkitpro/devkitarm/bin/../lib/gcc/arm-eabi/4.7.0/thumb/crtn.o
                0x0204023c                . = ALIGN (0x4)

.plt
 *(.plt)

.text           0x02040240    0x4c6a8
 *(EXCLUDE_FILE(*.itcm*) .text)
 .text          0x02040240        0x0 c:/devkitpro/devkitarm/bin/../lib/gcc/arm-eabi/4.7.0/../../../../arm-eabi/lib/thumb/ds_arm9_crt0.o
 .text          0x02040240        0x0 c:/devkitpro/devkitarm/bin/../lib/gcc/arm-eabi/4.7.0/thumb/crti.o
 .text          0x02040240       0xd0 c:/devkitpro/devkitarm/bin/../lib/gcc/arm-eabi/4.7.0/thumb/crtbegin.o
 .text          0x02040310        0x0 default_font.bin.o
 .text          0x02040310      0x234 EEprom.o
                0x02040310                _Z10eepromInitv
                0x02040324                _Z11eepromResetv
                0x02040344                _Z14eepromSaveGamePv
                0x02040370                _Z14eepromReadGamePvi
                0x020403a8                _Z10eepromReadj
                0x02040418                _Z11eepromWritejh
 .text          0x02040544      0x2f0 Flash.o
                0x02040544                _Z10flashWritejh
                0x0204068c                _Z9flashInitv
                0x020406a4                _Z10flashResetv
                0x020406bc                _Z13flashSaveGamePv
                0x020406cc                _Z13flashReadGamePvi
                0x0204072c                _Z12flashSetSizei
                0x02040784                _Z9flashReadj
                0x020407e0                _Z15flashSaveDecidejh
                0x02040814                _Z17flashDelayedWritejh
 *fill*         0x02040834        0x4 ff
 .text          0x02040838     0x3cd0 GBA.o
                0x02040838                _Z15CPUWritePNGFilePKc
                0x0204083c                _Z15CPUWriteBMPFilePKc
                0x02040840                _Z13CPUUpdateCPSRv
                0x020408c8                _Z10CPUCleanUpv
                0x02040994                _Z12CPUIsGBABiosPKc
                0x020409f8                _Z18CPUReadBatteryFilePKc
                0x02040b7c                _Z16CPUWriteMemStatePci
                0x02040bb4                _Z19CPUWriteBatteryFilePKc
                0x02040c74                _Z13CPUWriteStatePKc
                0x02040cac                _Z8CPUResetv
                0x02041310                _Z19CPUExportEepromFilePKc
                0x02041404                _Z19CPUImportEepromFilePKc
                0x020414a8                _Z12CPUIsZipFilePKc
                0x020414d4                _Z8CPUIsELFPKc
                0x02041500                _Z10CPULoadRomPKcb
                0x02041608                _Z14CPUUpdateFlagsb
                0x02041694                _Z14CPUUpdateFlagsv
                0x0204171c                _Z13CPUSwitchModeibb
                0x02041a1c                _Z13CPUSwitchModeib
                0x02041a28                _Z16CPUWriteHalfWordjt
                0x02041b40                _Z9doDMAslowRjS_jjji
                0x02042508                _Z5doDMARjS_jjji
                0x0204262c                _Z11CPUCheckDMAii
                0x02042a48                _Z17CPUUpdateRegisterjt
                0x02043b40                _Z12CPUReadStatePKc
                0x02043b68                _Z15CPUReadMemStatePci
                0x02043b88                _Z12CPUWriteBytejh
                0x02043d30                _Z7CPUInitPKcbb
                0x020444fc                _Z14systemGetClockv
                0x02044500                _Z6winLogPKcz
 .text          0x02044508        0x0 Globals.o
 .text          0x02044508      0x388 RTC.o
                0x02044508                _Z9rtcEnableb
                0x02044514                _Z12rtcIsEnabledv
                0x02044520                _Z7rtcReadj
                0x0204456c                _Z8rtcWritejt
                0x02044844                _Z8rtcResetv
                0x02044868                _Z11rtcSaveGamePv
                0x0204487c                _Z11rtcReadGamePv
 .text          0x02044890       0x58 Sram.o
                0x02044890                _Z9sramWritejh
                0x020448a8                _Z8sramReadj
                0x020448b8                _Z16sramDelayedWritejh
 .text          0x020448e8      0x884 Util.o
                0x020448e8                _Z12utilPutDwordPhj
                0x020448f8                _Z11utilPutWordPht
                0x02044900                _Z12utilWriteBMPPciiPh
                0x020449a4                _Z16utilWriteBMPFilePKciiPh
                0x02044b4c                _Z12utilApplyIPSPKcPPhPi
                0x02044d3c                _Z9utilIsSAVPKc
                0x02044d74                _Z14utilIsGBAImagePKc
                0x02044de8                _Z13utilIsGBImagePKc
                0x02044e4c                _Z13utilIsZipFilePKc
                0x02044e78                _Z14utilIsGzipFilePKc
                0x02044ebc                _Z15utilGetBaseNamePKcPc
                0x02044f14                _Z8utilLoadPKcPFbS0_EPhRib
                0x02044f7c                _Z12utilWriteIntPvi
                0x02044f94                _Z11utilReadIntPv
                0x02044fb0                _Z12utilReadDataPvP13variable_desc
                0x02044fd0                _Z13utilWriteDataPvP13variable_desc
                0x02044ff0                _Z10utilGzOpenPKcS0_
                0x02044ff8                _Z13utilMemGzOpenPciS_
                0x02045004                _Z11utilGzWritePvPKvj
                0x02045014                _Z10utilGzReadPvS_j
                0x02045024                _Z11utilGzClosePv
                0x0204502c                _Z13utilGzMemTellPv
                0x02045034                _Z15utilGBAFindSavePKhi
 .text          0x0204516c      0x18c agbprint.o
                0x0204516c                _Z13agbPrintWritejt
                0x020451f4                _Z13agbPrintResetv
                0x02045200                _Z14agbPrintEnableb
                0x0204520c                _Z17agbPrintIsEnabledv
                0x02045218                _Z13agbPrintFlushv
 .text          0x020452f8     0x1660 armdis.o
                0x020452f8                _Z6addStrPcPKc
                0x02045310                _Z6addHexPcij
                0x0204539c                _Z6disArmjPci
                0x02046244                _Z8disThumbjPci
 .text          0x02046958     0xba78 bios.o
                0x02047304                _Z11BIOS_ArcTanv
                0x02047374                _Z12BIOS_ArcTan2v
                0x020474dc                _Z14BIOS_BitUnPackv
                0x02047d54                _Z20BIOS_GetBiosChecksumv
                0x02047d64                _Z16BIOS_BgAffineSetv
                0x02049978                _Z11BIOS_CpuSetv
                0x02049cb4                _Z15BIOS_CpuFastSetv
                0x0204a5d4                _Z25BIOS_Diff8bitUnFilterWramv
                0x0204abf8                _Z25BIOS_Diff8bitUnFilterVramv
                0x0204b240                _Z22BIOS_Diff16bitUnFilterv
                0x0204b878                _Z8BIOS_Divv
                0x0204b8a8                _Z11BIOS_DivARMv
                0x0204b8dc                _Z15BIOS_HuffUnCompv
                0x0204c914                _Z19BIOS_LZ77UnCompVramv
                0x0204e14c                _Z19BIOS_LZ77UnCompWramv
                0x0204f974                _Z17BIOS_ObjAffineSetv
                0x0205043c                _Z21BIOS_RegisterRamResetj
                0x02050834                _Z21BIOS_RegisterRamResetv
                0x02050844                _Z17BIOS_RLUnCompVramv
                0x0205135c                _Z17BIOS_RLUnCompWramv
                0x02051db8                _Z14BIOS_SoftResetv
                0x02051e68                _Z9BIOS_Sqrtv
                0x02051e84                _Z17BIOS_MidiKey2Freqv
                0x02052234                _Z26BIOS_SndDriverJmpTableCopyv
 .text          0x020523d0     0x15c0 cpumg.o
                0x02052e94                _Z9debugDumpv
                0x0205313c                _Z17undifinedresolverv
                0x02053184                _Z17unknowndebugprintP8reg_pair
                0x0205320c                _Z15gbaExceptionHdlv
                0x020532b4                failcpphandler
                0x020532ec                _Z21exInitundifinedsystemPFvvE
                0x020532f8                _Z15exInitswisystemPFvvE
                0x02053304                _Z6exInitPFvvE
                0x02053310                _Z7gbaInitv
                0x020533cc                _Z8BIOScalliPi
                0x02053524                _Z17gbaswieulatedbiosv
                0x02053570                _Z27switch_to_unprivileged_modev
                0x02053584                _Z18emulateedbiosstartv
                0x02053598                _Z12downgreadcpuv
                0x020535ac                _Z7ndsModev
                0x020535c4                _Z8gbaMode2v
                0x020535dc                _Z19getExceptionAddressjj
                0x02053864                _Z15ndsExceptionHdlv
                0x02053924                _Z8ARMShiftmh
 .text          0x02053990      0xc10 file_browse.o
                0x02053990                _Z17dirEntryPredicateRK8DirEntryS1_
                0x020539b8                _Z12nameEndsWithRKSsS0_
                0x020539e8                _Z21showDirectoryContentsRKSt6vectorI8DirEntrySaIS0_EEi
                0x02053af0                _Z12printgbainfoPKc
                0x02053d68                _Z20getDirectoryContentsRSt6vectorI8DirEntrySaIS0_EERKSs
                0x02053f7c                _Z13browseForFileRKSs
                0x0205455c                _Z20getDirectoryContentsRSt6vectorI8DirEntrySaIS0_EE
 .text          0x020545a0      0xaa0 main.o
                0x020545a0                _Z9speedtestv
                0x020545a4                _Z13HblankHandlerv
                0x020545b0                _Z14frameasyncsyncv
                0x020549e0                _Z10pausemenuev
                0x02054b60                _Z13VblankHandlerv
 .text          0x02055040      0x4c4 mydebuger.o
                0x02055040                _Z8show_memv
 .text          0x02055504        0x0 sound.o
 .text          0x02055504       0x5c system.o
                0x02055504                _Z12debuggerMainv
                0x02055508                _Z14debuggerSignalii
                0x0205550c                _Z14debuggerOutputPcj
                0x02055510                _Z13systemMessageiPKcz
                0x0205553c                _Z24systemUpdateMotionSensorv
                0x02055540                _Z16systemGetSensorXv
                0x02055544                _Z16systemGetSensorYv
                0x02055548                _Z13systemGbPrintPhiiii
                0x0205554c                _Z19systemScreenMessagePKc
                0x02055550                _Z27systemCanChangeSoundQualityv
                0x02055554                _Z18systemPauseOnFramev
                0x02055558                _Z16systemGbBorderOnv
                0x0205555c                _Z20debuggerBreakOnWritejjjii
 .text          0x02055560      0x830 background.o
                0x02055560                bgIsText
                0x0205556c                checkIfText
                0x020555c4                bgUpdate
                0x02055a4c                bgInit_call
                0x02055bec                bgInitSub_call
 .text          0x02055d90     0x1354 console.o
                0x02056254                con_write
                0x02056994                consoleGetDefault
                0x020569a0                consoleLoadFont
                0x02056c58                consoleInit
                0x02056fd8                consoleSelect
                0x02056fe8                consoleSetFont
                0x02057008                consoleDebugInit
                0x02057040                consoleDemoInit
                0x02057084                consolePrintChar
                0x020570b0                consoleClear
                0x020570c0                consoleSetWindow
 .text          0x020570e4      0x168 devkitpatcher.o
                0x020570e4                initSystem
                0x02057238                ichflyfifoinit
 .text          0x0205724c      0x25c dldi.o
                0x0205724c                dldiGetInternal
                0x02057284                dldiIsValid
                0x020572cc                dldiFixDriverAddresses
                0x020573a4                dldiLoadFromFile
                0x0205749c                dldiFree
 .text          0x020574a8       0x24 heapfuncs.o
                0x020574a8                getHeapStart
                0x020574b4                getHeapEnd
                0x020574c0                getHeapLimit
 .text          0x020574cc      0x244 interrupts.o
                0x020574cc                irqDummy
                0x020574d0                irqSet
                0x0205753c                irqInit
                0x02057588                irqInitHandler
                0x020575b8                irqEnable
                0x0205761c                irqDisable
                0x02057680                irqClear
 .text          0x02057710       0xac keys.o
                0x02057710                scanKeys
                0x02057758                keysHeld
                0x02057764                keysDown
                0x02057774                keysDownRepeat
                0x02057784                keysSetRepeat
                0x0205779c                keysUp
                0x020577ac                keysCurrent
 .text          0x020577bc        0x8 libnds_exit.o
                0x020577bc                systemErrorExit
                0x020577c0                __libnds_exit
 .text          0x020577c4       0x24 sassert.o
                0x020577c4                __sassert
 .text          0x020577e8      0x30c trig.o
                0x020577e8                asinComp
                0x02057810                sinLutLookup
                0x0205784c                sinLerp
                0x020578e4                cosLerp
                0x020578f8                tanLutLookup
                0x02057930                tanLerp
                0x020579d4                asinLerp
                0x02057a50                acosLerp
                0x02057acc                atanComp
 .text          0x02057af4      0x1f8 video.o
                0x02057af4                vramSetPrimaryBanks
                0x02057b38                vramSetMainBanks
                0x02057b7c                vramSetBanks_EFG
                0x02057bb4                vramRestorePrimaryBanks
                0x02057bc0                vramRestoreMainBanks
                0x02057bcc                vramRestoreBanks_EFG
                0x02057bd8                setBrightness
                0x02057c18                vramDefault
 *fill*         0x02057cec        0x4 ff
 .text          0x02057cf0      0x250 cpu_s.o
                0x02057cf0                readbankedsp
                0x02057d20                readbankedlr
                0x02057d50                cpuSetCPSR
                0x02057d58                puSetGbaIWRAM
                0x02057d64                cpu_GetMemPrem
                0x02057d6c                puSetMemPerm
                0x02057d74                pu_Enable
                0x02057d84                cpu_SetCP15Cnt
                0x02057d8c                cpu_GetCP15Cnt
                0x02057d94                cpu_ArmJump
                0x02057d9c                cpu_ArmJumpforstackinit
                0x02057dc8                cpuGetSPSR
                0x02057dd0                cpuGetCPSR
                0x02057dd8                pu_SetRegion
                0x02057e24                pu_SetDataPermissions
                0x02057e2c                pu_SetCodePermissions
                0x02057e34                pu_SetDataCachability
                0x02057e3c                pu_SetCodeCachability
                0x02057e44                pu_GetWriteBufferability
                0x02057e4c                ichflyswiWaitForVBlank
                0x02057e58                ichflyswiIntrWait
                0x02057f00                ichflyswiHalt
 .text          0x02057f40       0x70 dcache.o
                0x02057f40                DC_FlushAll
                0x02057f6c                DC_FlushRange
                0x02057f88                DC_InvalidateAll
                0x02057f94                DC_InvalidateRange
 *fill*         0x02057fb0       0x10 ff
 .text          0x02057fc0     0x8000 dldi_stub.o
                0x02057fc0                _io_dldi_stub
 .text          0x0205ffc0        0x0 ex_s.o
 .text          0x0205ffc0       0x28 icache.o
                0x0205ffc0                IC_InvalidateAll
                0x0205ffcc                IC_InvalidateRange
 .text          0x0205ffe8        0x0 interruptDispatcher.o
 .text          0x0205ffe8      0x1b4 mpu_setup.o
                0x0205ffe8                __libnds_mpu_setup
                0x02060128                memCached
                0x02060140                memUncached
 .text          0x0206019c      0x350 c:/devkitPro/libnds/lib\libfat.a(libfat.o)
                0x0206019c                fatMount
                0x02060260                fatMountSimple
                0x02060274                fatUnmount
                0x020602ac                fatInit
                0x02060404                fatInitDefault
                0x02060410                fatGetVolumeLabel
 .text          0x020604ec      0x754 c:/devkitPro/libnds/lib\libfat.a(partition.o)
                0x020604ec                FindFirstValidPartition_buf
                0x02060690                FindFirstValidPartition
                0x020606b8                _FAT_partition_getPartitionFromPath
                0x020606cc                _FAT_partition_createFSinfo
                0x0206078c                _FAT_partition_readFSinfo
                0x0206084c                _FAT_partition_constructor_buf
                0x02060b04                _FAT_partition_constructor
                0x02060b48                _FAT_partition_writeFSinfo
                0x02060c00                _FAT_partition_destructor
 .text          0x02060c40      0x4c8 c:/devkitPro/libnds/lib\libfat.a(cache.o)
                0x02060d30                _FAT_cache_constructor
                0x02060dcc                _FAT_cache_readSectors
                0x02060e28                _FAT_cache_readPartialSector
                0x02060e74                _FAT_cache_readLittleEndianValue
                0x02060ed4                _FAT_cache_writePartialSector
                0x02060f2c                _FAT_cache_writeLittleEndianValue
                0x02060f74                _FAT_cache_eraseWritePartialSector
                0x02060fdc                _FAT_cache_writeSectors
                0x02061044                _FAT_cache_flush
                0x020610a8                _FAT_cache_destructor
                0x020610dc                _FAT_cache_invalidate
 .text          0x02061108     0x1328 c:/devkitPro/libnds/lib\libfat.a(directory.o)
                0x02061380                _FAT_directory_entryGetCluster
                0x020613a8                _FAT_directory_getNextEntry
                0x02061590                _FAT_directory_getFirstEntry
                0x02061640                _FAT_directory_getRootEntry
                0x0206169c                _FAT_directory_getVolumeLabel
                0x0206174c                _FAT_directory_entryFromPosition
                0x0206188c                _FAT_directory_entryFromPath
                0x02061a44                _FAT_directory_removeEntry
                0x02061b18                _FAT_directory_addEntry
                0x0206232c                _FAT_directory_chdir
                0x02062368                _FAT_directory_entryStat
 .text          0x02062430        0x0 c:/devkitPro/libnds/lib\libfat.a(disc.o)
 .text          0x02062430      0x900 c:/devkitPro/libnds/lib\libfat.a(fatdir.o)
                0x02062430                _FAT_stat_r
                0x020624c4                _FAT_link_r
                0x020624d0                _FAT_unlink_r
                0x02062644                _FAT_chdir_r
                0x020626b4                _FAT_rename_r
                0x02062880                _FAT_mkdir_r
                0x02062af8                _FAT_statvfs_r
                0x02062b80                _FAT_diropen_r
                0x02062c40                _FAT_dirreset_r
                0x02062c8c                _FAT_dirnext_r
                0x02062d10                _FAT_dirclose_r
 .text          0x02062d30     0x12ec c:/devkitPro/libnds/lib\libfat.a(fatfile.o)
                0x02062fa4                _FAT_findEntry
                0x02062fe0                FAT_getAttr
                0x02063008                FAT_setAttr
                0x02063028                _FAT_open_r
                0x02063358                _FAT_syncToDisc
                0x02063438                _FAT_close_r
                0x020634a4                _FAT_read_r
                0x02063804                _FAT_write_r
                0x02063c80                _FAT_seek_r
                0x02063dd0                _FAT_fstat_r
                0x02063e6c                _FAT_ftruncate_r
                0x02063fdc                _FAT_fsync_r
 .text          0x0206401c      0x4b0 c:/devkitPro/libnds/lib\libfat.a(file_allocation_table.o)
                0x0206416c                _FAT_fat_nextCluster
                0x02064288                _FAT_fat_linkFreeCluster
                0x02064320                _FAT_fat_linkFreeClusterCleared
                0x02064390                _FAT_fat_clearLinks
                0x020643ec                _FAT_fat_trimChain
                0x02064470                _FAT_fat_lastCluster
                0x020644a4                _FAT_fat_freeClusterCount
 .text          0x020644cc       0xb8 c:/devkitPro/libnds/lib\libfat.a(filetime.o)
                0x020644cc                _FAT_filetime_getTimeFromRTC
                0x0206450c                _FAT_filetime_getDateFromRTC
                0x0206454c                _FAT_filetime_to_time_t
 .text          0x02064584       0x10 c:/devkitPro/libnds/lib\libfat.a(lock.o)
                0x02064584                _FAT_lock_init
                0x02064588                _FAT_lock_deinit
                0x0206458c                _FAT_lock
                0x02064590                _FAT_unlock
 .text          0x02064594        0x0 c:/devkitpro/devkitarm/bin/../lib/gcc/arm-eabi/4.7.0/../../../../arm-eabi/lib/thumb\libstdc++.a(new_op.o)
 .text          0x02064594        0x0 c:/devkitpro/devkitarm/bin/../lib/gcc/arm-eabi/4.7.0/../../../../arm-eabi/lib/thumb\libstdc++.a(eh_call.o)
 .text          0x02064594        0x0 c:/devkitpro/devkitarm/bin/../lib/gcc/arm-eabi/4.7.0/../../../../arm-eabi/lib/thumb\libstdc++.a(eh_personality.o)
 .text          0x02064594        0x0 c:/devkitpro/devkitarm/bin/../lib/gcc/arm-eabi/4.7.0/../../../../arm-eabi/lib/thumb\libstdc++.a(del_op.o)
 .text          0x02064594        0x0 c:/devkitpro/devkitarm/bin/../lib/gcc/arm-eabi/4.7.0/../../../../arm-eabi/lib/thumb\libstdc++.a(eh_terminate.o)
 .text          0x02064594        0x0 c:/devkitpro/devkitarm/bin/../lib/gcc/arm-eabi/4.7.0/../../../../arm-eabi/lib/thumb\libstdc++.a(eh_exception.o)
 .text          0x02064594        0x0 c:/devkitpro/devkitarm/bin/../lib/gcc/arm-eabi/4.7.0/../../../../arm-eabi/lib/thumb\libstdc++.a(eh_alloc.o)
 .text          0x02064594        0x0 c:/devkitpro/devkitarm/bin/../lib/gcc/arm-eabi/4.7.0/../../../../arm-eabi/lib/thumb\libstdc++.a(bad_alloc.o)
 .text          0x02064594        0x0 c:/devkitpro/devkitarm/bin/../lib/gcc/arm-eabi/4.7.0/../../../../arm-eabi/lib/thumb\libstdc++.a(class_type_info.o)
 .text          0x02064594        0x0 c:/devkitpro/devkitarm/bin/../lib/gcc/arm-eabi/4.7.0/../../../../arm-eabi/lib/thumb\libstdc++.a(new_handler.o)
 .text          0x02064594        0x0 c:/devkitpro/devkitarm/bin/../lib/gcc/arm-eabi/4.7.0/../../../../arm-eabi/lib/thumb\libstdc++.a(string-inst.o)
 .text          0x02064594        0x0 c:/devkitpro/devkitarm/bin/../lib/gcc/arm-eabi/4.7.0/../../../../arm-eabi/lib/thumb\libstdc++.a(functexcept.o)
 .text          0x02064594        0x0 c:/devkitpro/devkitarm/bin/../lib/gcc/arm-eabi/4.7.0/../../../../arm-eabi/lib/thumb\libstdc++.a(eh_arm.o)
 .text          0x02064594        0x0 c:/devkitpro/devkitarm/bin/../lib/gcc/arm-eabi/4.7.0/../../../../arm-eabi/lib/thumb\libstdc++.a(eh_throw.o)
 .text          0x02064594        0x0 c:/devkitpro/devkitarm/bin/../lib/gcc/arm-eabi/4.7.0/../../../../arm-eabi/lib/thumb\libstdc++.a(pure.o)
 .text          0x02064594        0x0 c:/devkitpro/devkitarm/bin/../lib/gcc/arm-eabi/4.7.0/../../../../arm-eabi/lib/thumb\libstdc++.a(bad_cast.o)
 .text          0x02064594        0x0 c:/devkitpro/devkitarm/bin/../lib/gcc/arm-eabi/4.7.0/../../../../arm-eabi/lib/thumb\libstdc++.a(eh_globals.o)
 .text          0x02064594        0x0 c:/devkitpro/devkitarm/bin/../lib/gcc/arm-eabi/4.7.0/../../../../arm-eabi/lib/thumb\libstdc++.a(eh_catch.o)
 .text          0x02064594        0x0 c:/devkitpro/devkitarm/bin/../lib/gcc/arm-eabi/4.7.0/../../../../arm-eabi/lib/thumb\libstdc++.a(si_class_type_info.o)
 .text          0x02064594        0x0 c:/devkitpro/devkitarm/bin/../lib/gcc/arm-eabi/4.7.0/../../../../arm-eabi/lib/thumb\libstdc++.a(eh_unex_handler.o)
 .text          0x02064594        0x0 c:/devkitpro/devkitarm/bin/../lib/gcc/arm-eabi/4.7.0/../../../../arm-eabi/lib/thumb\libstdc++.a(tinfo.o)
 .text          0x02064594        0x0 c:/devkitpro/devkitarm/bin/../lib/gcc/arm-eabi/4.7.0/../../../../arm-eabi/lib/thumb\libstdc++.a(bad_typeid.o)
 .text          0x02064594        0x0 c:/devkitpro/devkitarm/bin/../lib/gcc/arm-eabi/4.7.0/../../../../arm-eabi/lib/thumb\libstdc++.a(eh_term_handler.o)
 .text          0x02064594        0x0 c:/devkitpro/devkitarm/bin/../lib/gcc/arm-eabi/4.7.0/../../../../arm-eabi/lib/thumb\libstdc++.a(ios_failure.o)
 .text          0x02064594        0x0 c:/devkitpro/devkitarm/bin/../lib/gcc/arm-eabi/4.7.0/../../../../arm-eabi/lib/thumb\libstdc++.a(stdexcept.o)
 .text          0x02064594        0x0 c:/devkitpro/devkitarm/bin/../lib/gcc/arm-eabi/4.7.0/../../../../arm-eabi/lib/thumb\libstdc++.a(functional.o)
 .text          0x02064594        0x0 c:/devkitpro/devkitarm/bin/../lib/gcc/arm-eabi/4.7.0/../../../../arm-eabi/lib/thumb\libstdc++.a(future.o)
 .text          0x02064594        0x0 c:/devkitpro/devkitarm/bin/../lib/gcc/arm-eabi/4.7.0/../../../../arm-eabi/lib/thumb\libstdc++.a(regex.o)
 .text          0x02064594        0x0 c:/devkitpro/devkitarm/bin/../lib/gcc/arm-eabi/4.7.0/../../../../arm-eabi/lib/thumb\libstdc++.a(system_error.o)
 .text          0x02064594        0x0 c:/devkitpro/devkitarm/bin/../lib/gcc/arm-eabi/4.7.0/../../../../arm-eabi/lib/thumb\libstdc++.a(guard.o)
 .text          0x02064594        0x0 c:/devkitpro/devkitarm/bin/../lib/gcc/arm-eabi/4.7.0/../../../../arm-eabi/lib/thumb\libstdc++.a(vterminate.o)
 .text          0x02064594        0x0 c:/devkitpro/devkitarm/bin/../lib/gcc/arm-eabi/4.7.0/../../../../arm-eabi/lib/thumb\libstdc++.a(guard_error.o)
 .text          0x02064594        0x0 c:/devkitpro/devkitarm/bin/../lib/gcc/arm-eabi/4.7.0/../../../../arm-eabi/lib/thumb\libstdc++.a(atexit_arm.o)
 .text          0x02064594        0x0 c:/devkitpro/devkitarm/bin/../lib/gcc/arm-eabi/4.7.0/../../../../arm-eabi/lib/thumb\libstdc++.a(eh_type.o)
 .text          0x02064594     0x5950 c:/devkitpro/devkitarm/bin/../lib/gcc/arm-eabi/4.7.0/../../../../arm-eabi/lib/thumb\libstdc++.a(cp-demangle.o)
                0x02069df0                __cxa_demangle
                0x02069eb8                __gcclibcxx_demangle_callback
 *fill*         0x02069ee4        0x4 ff
 .text          0x02069ee8      0x408 c:/devkitpro/devkitarm/bin/../lib/gcc/arm-eabi/4.7.0/../../../../arm-eabi/lib/thumb\libm.a(lib_a-w_pow.o)
                0x02069ee8                pow
 .text          0x0206a2f0       0xc0 c:/devkitpro/devkitarm/bin/../lib/gcc/arm-eabi/4.7.0/../../../../arm-eabi/lib/thumb\libm.a(lib_a-w_sqrt.o)
                0x0206a2f0                sqrt
 .text          0x0206a3b0      0xb48 c:/devkitpro/devkitarm/bin/../lib/gcc/arm-eabi/4.7.0/../../../../arm-eabi/lib/thumb\libm.a(lib_a-e_pow.o)
                0x0206a3b0                __ieee754_pow
 .text          0x0206aef8      0x1c4 c:/devkitpro/devkitarm/bin/../lib/gcc/arm-eabi/4.7.0/../../../../arm-eabi/lib/thumb\libm.a(lib_a-e_sqrt.o)
                0x0206aef8                __ieee754_sqrt
 .text          0x0206b0bc        0x8 c:/devkitpro/devkitarm/bin/../lib/gcc/arm-eabi/4.7.0/../../../../arm-eabi/lib/thumb\libm.a(lib_a-s_fabs.o)
                0x0206b0bc                fabs
 .text          0x0206b0c4       0x10 c:/devkitpro/devkitarm/bin/../lib/gcc/arm-eabi/4.7.0/../../../../arm-eabi/lib/thumb\libm.a(lib_a-s_finite.o)
                0x0206b0c4                finite
 .text          0x0206b0d4       0x5c c:/devkitpro/devkitarm/bin/../lib/gcc/arm-eabi/4.7.0/../../../../arm-eabi/lib/thumb\libm.a(lib_a-s_fpclassify.o)
                0x0206b0d4                __fpclassifyd
 .text          0x0206b130        0x0 c:/devkitpro/devkitarm/bin/../lib/gcc/arm-eabi/4.7.0/../../../../arm-eabi/lib/thumb\libm.a(lib_a-s_lib_ver.o)
 .text          0x0206b130        0x4 c:/devkitpro/devkitarm/bin/../lib/gcc/arm-eabi/4.7.0/../../../../arm-eabi/lib/thumb\libm.a(lib_a-s_matherr.o)
                0x0206b130                matherr
 *fill*         0x0206b134        0x4 ff
 .text          0x0206b138       0x10 c:/devkitpro/devkitarm/bin/../lib/gcc/arm-eabi/4.7.0/../../../../arm-eabi/lib/thumb\libm.a(lib_a-s_nan.o)
                0x0206b138                nan
 .text          0x0206b148      0x128 c:/devkitpro/devkitarm/bin/../lib/gcc/arm-eabi/4.7.0/../../../../arm-eabi/lib/thumb\libm.a(lib_a-s_rint.o)
                0x0206b148                rint
 .text          0x0206b270      0x118 c:/devkitpro/devkitarm/bin/../lib/gcc/arm-eabi/4.7.0/../../../../arm-eabi/lib/thumb\libm.a(lib_a-s_scalbn.o)
                0x0206b270                scalbn
 .text          0x0206b388       0x14 c:/devkitpro/devkitarm/bin/../lib/gcc/arm-eabi/4.7.0/../../../../arm-eabi/lib/thumb\libm.a(lib_a-s_copysign.o)
                0x0206b388                copysign
 .text          0x0206b39c      0x11c c:/devkitpro/devkitarm/bin/../lib/gcc/arm-eabi/4.7.0/thumb\libgcc.a(_udivsi3.o)
                0x0206b39c                __aeabi_uidiv
                0x0206b39c                __udivsi3
                0x0206b498                __aeabi_uidivmod
 .text          0x0206b4b8      0x150 c:/devkitpro/devkitarm/bin/../lib/gcc/arm-eabi/4.7.0/thumb\libgcc.a(_divsi3.o)
                0x0206b4b8                __divsi3
                0x0206b4b8                __aeabi_idiv
                0x0206b5e8                __aeabi_idivmod
 .text          0x0206b608        0x4 c:/devkitpro/devkitarm/bin/../lib/gcc/arm-eabi/4.7.0/thumb\libgcc.a(_dvmd_tls.o)
                0x0206b608                __aeabi_idiv0
                0x0206b608                __aeabi_ldiv0
 .text          0x0206b60c      0x41c c:/devkitpro/devkitarm/bin/../lib/gcc/arm-eabi/4.7.0/thumb\libgcc.a(_arm_addsubdf3.o)
                0x0206b60c                __aeabi_drsub
                0x0206b614                __aeabi_dsub
                0x0206b614                __subdf3
                0x0206b618                __aeabi_dadd
                0x0206b618                __adddf3
                0x0206b928                __floatunsidf
                0x0206b928                __aeabi_ui2d
                0x0206b94c                __floatsidf
                0x0206b94c                __aeabi_i2d
                0x0206b974                __aeabi_f2d
                0x0206b974                __extendsfdf2
                0x0206b9b4                __floatundidf
                0x0206b9b4                __aeabi_ul2d
                0x0206b9c8                __floatdidf
                0x0206b9c8                __aeabi_l2d
 .text          0x0206ba28      0x49c c:/devkitpro/devkitarm/bin/../lib/gcc/arm-eabi/4.7.0/thumb\libgcc.a(_arm_muldivdf3.o)
                0x0206ba28                __aeabi_dmul
                0x0206ba28                __muldf3
                0x0206bcb8                __divdf3
                0x0206bcb8                __aeabi_ddiv
 .text          0x0206bec4      0x144 c:/devkitpro/devkitarm/bin/../lib/gcc/arm-eabi/4.7.0/thumb\libgcc.a(_arm_cmpdf2.o)
                0x0206bec4                __gtdf2
                0x0206bec4                __gedf2
                0x0206becc                __ltdf2
                0x0206becc                __ledf2
                0x0206bed4                __nedf2
                0x0206bed4                __eqdf2
                0x0206bed4                __cmpdf2
                0x0206bf5c                __aeabi_cdrcmple
                0x0206bf78                __aeabi_cdcmpeq
                0x0206bf78                __aeabi_cdcmple
                0x0206bf90                __aeabi_dcmpeq
                0x0206bfa8                __aeabi_dcmplt
                0x0206bfc0                __aeabi_dcmple
                0x0206bfd8                __aeabi_dcmpge
                0x0206bff0                __aeabi_dcmpgt
 .text          0x0206c008       0x5c c:/devkitpro/devkitarm/bin/../lib/gcc/arm-eabi/4.7.0/thumb\libgcc.a(_arm_fixdfsi.o)
                0x0206c008                __aeabi_d2iz
                0x0206c008                __fixdfsi
 .text          0x0206c064       0x54 c:/devkitpro/devkitarm/bin/../lib/gcc/arm-eabi/4.7.0/thumb\libgcc.a(_arm_fixunsdfsi.o)
                0x0206c064                __aeabi_d2uiz
                0x0206c064                __fixunsdfsi
 .text          0x0206c0b8      0x2ac c:/devkitpro/devkitarm/bin/../lib/gcc/arm-eabi/4.7.0/thumb\libgcc.a(_arm_addsubsf3.o)
                0x0206c0b8                __aeabi_frsub
                0x0206c0c0                __subsf3
                0x0206c0c0                __aeabi_fsub
                0x0206c0c4                __aeabi_fadd
                0x0206c0c4                __addsf3
                0x0206c280                __aeabi_ui2f
                0x0206c280                __floatunsisf
                0x0206c288                __aeabi_i2f
                0x0206c288                __floatsisf
                0x0206c2a8                __aeabi_ul2f
                0x0206c2a8                __floatundisf
                0x0206c2b8                __aeabi_l2f
                0x0206c2b8                __floatdisf
 .text          0x0206c364       0x48 c:/devkitpro/devkitarm/bin/../lib/gcc/arm-eabi/4.7.0/thumb\libgcc.a(_clzsi2.o)
                0x0206c364                __clzsi2
 .text          0x0206c3ac       0x4c c:/devkitpro/devkitarm/bin/../lib/gcc/arm-eabi/4.7.0/thumb\libgcc.a(_muldi3.o)
                0x0206c3ac                __muldi3
                0x0206c3ac                __aeabi_lmul
 .text          0x0206c3f8      0xab4 c:/devkitpro/devkitarm/bin/../lib/gcc/arm-eabi/4.7.0/thumb\libgcc.a(unwind-arm.o)
                0x0206c6f4                _Unwind_GetCFA
                0x0206c6f8                __gnu_Unwind_RaiseException
                0x0206c758                __gnu_Unwind_ForcedUnwind
                0x0206c770                __gnu_Unwind_Resume
                0x0206c7b8                __gnu_Unwind_Resume_or_Rethrow
                0x0206c7d8                _Unwind_Complete
                0x0206c7dc                _Unwind_DeleteException
                0x0206c7f4                _Unwind_VRS_Get
                0x0206c840                _Unwind_VRS_Set
                0x0206cb9c                __aeabi_unwind_cpp_pr2
                0x0206cbac                __aeabi_unwind_cpp_pr1
                0x0206cbbc                __aeabi_unwind_cpp_pr0
                0x0206cbcc                __gnu_Unwind_Backtrace
                0x0206cc40                _Unwind_VRS_Pop
 .text          0x0206ceac      0x1d8 c:/devkitpro/devkitarm/bin/../lib/gcc/arm-eabi/4.7.0/thumb\libgcc.a(libunwind.o)
                0x0206ceac                __restore_core_regs
                0x0206ceac                restore_core_regs
                0x0206cec8                __gnu_Unwind_Restore_VFP
                0x0206ced0                __gnu_Unwind_Save_VFP
                0x0206ced8                __gnu_Unwind_Restore_VFP_D
                0x0206cee0                __gnu_Unwind_Save_VFP_D
                0x0206cee8                __gnu_Unwind_Restore_VFP_D_16_to_31
                0x0206cef0                __gnu_Unwind_Save_VFP_D_16_to_31
                0x0206cef8                __gnu_Unwind_Restore_WMMXD
                0x0206cf3c                __gnu_Unwind_Save_WMMXD
                0x0206cf80                __gnu_Unwind_Restore_WMMXC
                0x0206cf94                __gnu_Unwind_Save_WMMXC
                0x0206cfa8                ___Unwind_RaiseException
                0x0206cfa8                _Unwind_RaiseException
                0x0206cfd4                _Unwind_Resume
                0x0206cfd4                ___Unwind_Resume
                0x0206d000                _Unwind_Resume_or_Rethrow
                0x0206d000                ___Unwind_Resume_or_Rethrow
                0x0206d02c                _Unwind_ForcedUnwind
                0x0206d02c                ___Unwind_ForcedUnwind
                0x0206d058                ___Unwind_Backtrace
                0x0206d058                _Unwind_Backtrace
 .text          0x0206d084      0x3e0 c:/devkitpro/devkitarm/bin/../lib/gcc/arm-eabi/4.7.0/thumb\libgcc.a(pr-support.o)
                0x0206d0e0                __gnu_unwind_execute
                0x0206d400                __gnu_unwind_frame
                0x0206d42c                _Unwind_GetRegionStart
                0x0206d43c                _Unwind_GetLanguageSpecificData
                0x0206d454                _Unwind_GetDataRelBase
                0x0206d45c                _Unwind_GetTextRelBase
 .text          0x0206d464       0x10 c:/devkitpro/devkitarm/bin/../lib/gcc/arm-eabi/4.7.0/../../../../arm-eabi/lib/thumb\libc.a(lib_a-abort.o)
                0x0206d464                abort
 .text          0x0206d474       0x64 c:/devkitpro/devkitarm/bin/../lib/gcc/arm-eabi/4.7.0/../../../../arm-eabi/lib/thumb\libc.a(lib_a-bsearch.o)
                0x0206d474                bsearch
 .text          0x0206d4d8       0x1c c:/devkitpro/devkitarm/bin/../lib/gcc/arm-eabi/4.7.0/../../../../arm-eabi/lib/thumb\libc.a(lib_a-calloc.o)
                0x0206d4d8                calloc
 .text          0x0206d4f4       0x64 c:/devkitpro/devkitarm/bin/../lib/gcc/arm-eabi/4.7.0/../../../../arm-eabi/lib/thumb\libc.a(lib_a-callocr.o)
                0x0206d4f4                _calloc_r
 .text          0x0206d558       0x10 c:/devkitpro/devkitarm/bin/../lib/gcc/arm-eabi/4.7.0/../../../../arm-eabi/lib/thumb\libc.a(lib_a-ctype_.o)
                0x0206d558                __set_ctype
 .text          0x0206d568       0x18 c:/devkitpro/devkitarm/bin/../lib/gcc/arm-eabi/4.7.0/../../../../arm-eabi/lib/thumb\libc.a(lib_a-cxa_atexit.o)
                0x0206d568                __cxa_atexit
 .text          0x0206d580        0xc c:/devkitpro/devkitarm/bin/../lib/gcc/arm-eabi/4.7.0/../../../../arm-eabi/lib/thumb\libc.a(lib_a-errno.o)
                0x0206d580                __errno
 .text          0x0206d58c       0xb0 c:/devkitpro/devkitarm/bin/../lib/gcc/arm-eabi/4.7.0/../../../../arm-eabi/lib/thumb\libc.a(lib_a-fclose.o)
                0x0206d58c                _fclose_r
                0x0206d620                fclose
 .text          0x0206d63c      0x1b8 c:/devkitpro/devkitarm/bin/../lib/gcc/arm-eabi/4.7.0/../../../../arm-eabi/lib/thumb\libc.a(lib_a-fflush.o)
                0x0206d63c                __sflush_r
                0x0206d794                _fflush_r
                0x0206d7c4                fflush
 .text          0x0206d7f4       0x78 c:/devkitpro/devkitarm/bin/../lib/gcc/arm-eabi/4.7.0/../../../../arm-eabi/lib/thumb\libc.a(lib_a-fgetc.o)
                0x0206d7f4                _fgetc_r
                0x0206d82c                fgetc
 .text          0x0206d86c      0x1d8 c:/devkitpro/devkitarm/bin/../lib/gcc/arm-eabi/4.7.0/../../../../arm-eabi/lib/thumb\libc.a(lib_a-findfp.o)
                0x0206d874                _cleanup_r
                0x0206d8d4                __sfmoreglue
                0x0206d904                _cleanup
                0x0206d918                __sinit
                0x0206d96c                __sfp
                0x0206d9fc                __sfp_lock_acquire
                0x0206da00                __sfp_lock_release
                0x0206da04                __sinit_lock_acquire
                0x0206da08                __sinit_lock_release
                0x0206da0c                __fp_lock_all
                0x0206da28                __fp_unlock_all
 .text          0x0206da44       0xa8 c:/devkitpro/devkitarm/bin/../lib/gcc/arm-eabi/4.7.0/../../../../arm-eabi/lib/thumb\libc.a(lib_a-fopen.o)
                0x0206da44                _fopen_r
                0x0206dad0                fopen
 .text          0x0206daec       0x54 c:/devkitpro/devkitarm/bin/../lib/gcc/arm-eabi/4.7.0/../../../../arm-eabi/lib/thumb\libc.a(lib_a-fputc.o)
                0x0206daec                _fputc_r
                0x0206db14                fputc
 .text          0x0206db40       0x78 c:/devkitpro/devkitarm/bin/../lib/gcc/arm-eabi/4.7.0/../../../../arm-eabi/lib/thumb\libc.a(lib_a-fputs.o)
                0x0206db40                _fputs_r
                0x0206db9c                fputs
 .text          0x0206dbb8      0x190 c:/devkitpro/devkitarm/bin/../lib/gcc/arm-eabi/4.7.0/../../../../arm-eabi/lib/thumb\libc.a(lib_a-fread.o)
                0x0206dbb8                _fread_r
                0x0206dd20                fread
 .text          0x0206dd48      0x238 c:/devkitpro/devkitarm/bin/../lib/gcc/arm-eabi/4.7.0/../../../../arm-eabi/lib/thumb\libc.a(lib_a-freer.o)
                0x0206dd48                _malloc_trim_r
                0x0206ddec                _free_r
 .text          0x0206df80      0x328 c:/devkitpro/devkitarm/bin/../lib/gcc/arm-eabi/4.7.0/../../../../arm-eabi/lib/thumb\libc.a(lib_a-fseek.o)
                0x0206df80                _fseek_r
                0x0206e284                fseek
 .text          0x0206e2a8       0x9c c:/devkitpro/devkitarm/bin/../lib/gcc/arm-eabi/4.7.0/../../../../arm-eabi/lib/thumb\libc.a(lib_a-ftell.o)
                0x0206e2a8                _ftell_r
                0x0206e328                ftell
 .text          0x0206e344      0x2fc c:/devkitpro/devkitarm/bin/../lib/gcc/arm-eabi/4.7.0/../../../../arm-eabi/lib/thumb\libc.a(lib_a-fvwrite.o)
                0x0206e344                __sfvwrite_r
 .text          0x0206e640       0xb4 c:/devkitpro/devkitarm/bin/../lib/gcc/arm-eabi/4.7.0/../../../../arm-eabi/lib/thumb\libc.a(lib_a-fwalk.o)
                0x0206e640                _fwalk
                0x0206e694                _fwalk_reent
 .text          0x0206e6f4       0x9c c:/devkitpro/devkitarm/bin/../lib/gcc/arm-eabi/4.7.0/../../../../arm-eabi/lib/thumb\libc.a(lib_a-fwrite.o)
                0x0206e6f4                _fwrite_r
                0x0206e768                fwrite
 .text          0x0206e790        0x0 c:/devkitpro/devkitarm/bin/../lib/gcc/arm-eabi/4.7.0/../../../../arm-eabi/lib/thumb\libc.a(lib_a-impure.o)
 .text          0x0206e790       0x54 c:/devkitpro/devkitarm/bin/../lib/gcc/arm-eabi/4.7.0/../../../../arm-eabi/lib/thumb\libc.a(lib_a-init.o)
                0x0206e790                __libc_init_array
 .text          0x0206e7e4       0x40 c:/devkitpro/devkitarm/bin/../lib/gcc/arm-eabi/4.7.0/../../../../arm-eabi/lib/thumb\libc.a(lib_a-iprintf.o)
                0x0206e7e4                iprintf
                0x0206e808                _iprintf_r
 .text          0x0206e824       0x18 c:/devkitpro/devkitarm/bin/../lib/gcc/arm-eabi/4.7.0/../../../../arm-eabi/lib/thumb\libc.a(lib_a-lcltime.o)
                0x0206e824                localtime
 .text          0x0206e83c       0x10 c:/devkitpro/devkitarm/bin/../lib/gcc/arm-eabi/4.7.0/../../../../arm-eabi/lib/thumb\libc.a(lib_a-lcltime_r.o)
                0x0206e83c                localtime_r
 .text          0x0206e84c      0x950 c:/devkitpro/devkitarm/bin/../lib/gcc/arm-eabi/4.7.0/../../../../arm-eabi/lib/thumb\libc.a(lib_a-locale.o)
                0x0206ef40                _setlocale_r
                0x0206f13c                __locale_charset
                0x0206f144                __locale_mb_cur_max
                0x0206f150                __locale_msgcharset
                0x0206f15c                __locale_cjk_lang
                0x0206f168                _localeconv_r
                0x0206f174                setlocale
                0x0206f190                localeconv
 .text          0x0206f19c       0xe0 c:/devkitpro/devkitarm/bin/../lib/gcc/arm-eabi/4.7.0/../../../../arm-eabi/lib/thumb\libc.a(lib_a-makebuf.o)
                0x0206f19c                __smakebuf_r
 .text          0x0206f27c       0x30 c:/devkitpro/devkitarm/bin/../lib/gcc/arm-eabi/4.7.0/../../../../arm-eabi/lib/thumb\libc.a(lib_a-malloc.o)
                0x0206f27c                malloc
                0x0206f294                free
 .text          0x0206f2ac      0x51c c:/devkitpro/devkitarm/bin/../lib/gcc/arm-eabi/4.7.0/../../../../arm-eabi/lib/thumb\libc.a(lib_a-mallocr.o)
                0x0206f2ac                _malloc_r
 .text          0x0206f7c8      0x104 c:/devkitpro/devkitarm/bin/../lib/gcc/arm-eabi/4.7.0/../../../../arm-eabi/lib/thumb\libc.a(lib_a-mbrtowc.o)
                0x0206f7c8                _mbrtowc_r
                0x0206f840                mbrtowc
 .text          0x0206f8cc       0x40 c:/devkitpro/devkitarm/bin/../lib/gcc/arm-eabi/4.7.0/../../../../arm-eabi/lib/thumb\libc.a(lib_a-mbsrtowcs.o)
                0x0206f8cc                _mbsrtowcs_r
                0x0206f8e4                mbsrtowcs
 .text          0x0206f90c      0x584 c:/devkitpro/devkitarm/bin/../lib/gcc/arm-eabi/4.7.0/../../../../arm-eabi/lib/thumb\libc.a(lib_a-mbtowc_r.o)
                0x0206f90c                __utf8_mbtowc
                0x0206fb6c                _mbtowc_r
                0x0206fba8                __ascii_mbtowc
                0x0206fbd8                __sjis_mbtowc
                0x0206fc98                __eucjp_mbtowc
                0x0206fd60                __jis_mbtowc
 .text          0x0206fe90       0x98 c:/devkitpro/devkitarm/bin/../lib/gcc/arm-eabi/4.7.0/../../../../arm-eabi/lib/thumb\libc.a(lib_a-memchr-stub.o)
                0x0206fe90                memchr
 .text          0x0206ff28       0x60 c:/devkitpro/devkitarm/bin/../lib/gcc/arm-eabi/4.7.0/../../../../arm-eabi/lib/thumb\libc.a(lib_a-memcmp.o)
                0x0206ff28                memcmp
 .text          0x0206ff88       0x90 c:/devkitpro/devkitarm/bin/../lib/gcc/arm-eabi/4.7.0/../../../../arm-eabi/lib/thumb\libc.a(lib_a-memcpy-stub.o)
                0x0206ff88                memcpy
 .text          0x02070018       0xb0 c:/devkitpro/devkitarm/bin/../lib/gcc/arm-eabi/4.7.0/../../../../arm-eabi/lib/thumb\libc.a(lib_a-memmove.o)
                0x02070018                memmove
 .text          0x020700c8       0x98 c:/devkitpro/devkitarm/bin/../lib/gcc/arm-eabi/4.7.0/../../../../arm-eabi/lib/thumb\libc.a(lib_a-memset.o)
                0x020700c8                memset
 .text          0x02070160      0x508 c:/devkitpro/devkitarm/bin/../lib/gcc/arm-eabi/4.7.0/../../../../arm-eabi/lib/thumb\libc.a(lib_a-mktime.o)
                0x02070334                mktime
 .text          0x02070668      0x498 c:/devkitpro/devkitarm/bin/../lib/gcc/arm-eabi/4.7.0/../../../../arm-eabi/lib/thumb\libc.a(lib_a-mktm_r.o)
                0x02070668                __tzcalc_limits
                0x02070804                _mktm_r
 .text          0x02070b00        0x8 c:/devkitpro/devkitarm/bin/../lib/gcc/arm-eabi/4.7.0/../../../../arm-eabi/lib/thumb\libc.a(lib_a-mlock.o)
                0x02070b00                __malloc_lock
                0x02070b04                __malloc_unlock
 .text          0x02070b08       0x40 c:/devkitpro/devkitarm/bin/../lib/gcc/arm-eabi/4.7.0/../../../../arm-eabi/lib/thumb\libc.a(lib_a-printf.o)
                0x02070b08                _printf_r
                0x02070b24                printf
 .text          0x02070b48       0xc4 c:/devkitpro/devkitarm/bin/../lib/gcc/arm-eabi/4.7.0/../../../../arm-eabi/lib/thumb\libc.a(lib_a-putc.o)
                0x02070b48                _putc_r
                0x02070ba8                putc
 .text          0x02070c0c       0x84 c:/devkitpro/devkitarm/bin/../lib/gcc/arm-eabi/4.7.0/../../../../arm-eabi/lib/thumb\libc.a(lib_a-puts.o)
                0x02070c0c                _puts_r
                0x02070c78                puts
 .text          0x02070c90       0x1c c:/devkitpro/devkitarm/bin/../lib/gcc/arm-eabi/4.7.0/../../../../arm-eabi/lib/thumb\libc.a(lib_a-realloc.o)
                0x02070c90                realloc
 .text          0x02070cac      0x3e8 c:/devkitpro/devkitarm/bin/../lib/gcc/arm-eabi/4.7.0/../../../../arm-eabi/lib/thumb\libc.a(lib_a-reallocr.o)
                0x02070cac                _realloc_r
 .text          0x02071094      0x144 c:/devkitpro/devkitarm/bin/../lib/gcc/arm-eabi/4.7.0/../../../../arm-eabi/lib/thumb\libc.a(lib_a-refill.o)
                0x020710b4                __srefill_r
 .text          0x020711d8       0x54 c:/devkitpro/devkitarm/bin/../lib/gcc/arm-eabi/4.7.0/../../../../arm-eabi/lib/thumb\libc.a(lib_a-rget.o)
                0x020711d8                __srget_r
                0x02071214                __srget
 .text          0x0207122c      0x120 c:/devkitpro/devkitarm/bin/../lib/gcc/arm-eabi/4.7.0/../../../../arm-eabi/lib/thumb\libc.a(lib_a-setvbuf.o)
                0x0207122c                setvbuf
 .text          0x0207134c      0x198 c:/devkitpro/devkitarm/bin/../lib/gcc/arm-eabi/4.7.0/../../../../arm-eabi/lib/thumb\libc.a(lib_a-signal.o)
                0x0207134c                _init_signal_r
                0x0207138c                _signal_r
                0x020713cc                _raise_r
                0x0207142c                __sigtramp_r
                0x02071480                raise
                0x02071498                signal
                0x020714b4                _init_signal
                0x020714c8                __sigtramp
 .text          0x020714e4       0xa0 c:/devkitpro/devkitarm/bin/../lib/gcc/arm-eabi/4.7.0/../../../../arm-eabi/lib/thumb\libc.a(lib_a-siscanf.o)
                0x020714e4                siscanf
                0x02071534                _siscanf_r
 .text          0x02071584       0x84 c:/devkitpro/devkitarm/bin/../lib/gcc/arm-eabi/4.7.0/../../../../arm-eabi/lib/thumb\libc.a(lib_a-sprintf.o)
                0x02071584                _sprintf_r
                0x020715c4                sprintf
 .text          0x02071608       0xac c:/devkitpro/devkitarm/bin/../lib/gcc/arm-eabi/4.7.0/../../../../arm-eabi/lib/thumb\libc.a(lib_a-stdio.o)
                0x02071608                __sread
                0x02071634                __seofread
                0x02071638                __swrite
                0x02071674                __sseek
                0x020716a4                __sclose
 .text          0x020716b4       0x50 c:/devkitpro/devkitarm/bin/../lib/gcc/arm-eabi/4.7.0/../../../../arm-eabi/lib/thumb\libc.a(lib_a-strcasecmp.o)
                0x020716b4                strcasecmp
 .text          0x02071704       0x50 c:/devkitpro/devkitarm/bin/../lib/gcc/arm-eabi/4.7.0/../../../../arm-eabi/lib/thumb\libc.a(lib_a-strcat.o)
                0x02071704                strcat
 .text          0x02071754       0xd4 c:/devkitpro/devkitarm/bin/../lib/gcc/arm-eabi/4.7.0/../../../../arm-eabi/lib/thumb\libc.a(lib_a-strchr.o)
                0x02071754                strchr
 .text          0x02071828       0x14 c:/devkitpro/devkitarm/bin/../lib/gcc/arm-eabi/4.7.0/../../../../arm-eabi/lib/thumb\libc.a(lib_a-strcmp.o)
                0x02071828                strcmp
 .text          0x0207183c       0x10 c:/devkitpro/devkitarm/bin/../lib/gcc/arm-eabi/4.7.0/../../../../arm-eabi/lib/thumb\libc.a(lib_a-strcpy.o)
                0x0207183c                strcpy
 .text          0x0207184c      0x2a8 c:/devkitpro/devkitarm/bin/../lib/gcc/arm-eabi/4.7.0/../../../../arm-eabi/lib/thumb\libc.a(lib_a-strerror.o)
                0x0207184c                _strerror_r
                0x02071ad8                strerror
 .text          0x02071af4       0x48 c:/devkitpro/devkitarm/bin/../lib/gcc/arm-eabi/4.7.0/../../../../arm-eabi/lib/thumb\libc.a(lib_a-strlcpy.o)
                0x02071af4                strlcpy
 .text          0x02071b3c       0x10 c:/devkitpro/devkitarm/bin/../lib/gcc/arm-eabi/4.7.0/../../../../arm-eabi/lib/thumb\libc.a(lib_a-strlen.o)
                0x02071b3c                strlen
 .text          0x02071b4c       0x60 c:/devkitpro/devkitarm/bin/../lib/gcc/arm-eabi/4.7.0/../../../../arm-eabi/lib/thumb\libc.a(lib_a-strncasecmp.o)
                0x02071b4c                strncasecmp
 .text          0x02071bac       0xbc c:/devkitpro/devkitarm/bin/../lib/gcc/arm-eabi/4.7.0/../../../../arm-eabi/lib/thumb\libc.a(lib_a-strncmp.o)
                0x02071bac                strncmp
 .text          0x02071c68       0x60 c:/devkitpro/devkitarm/bin/../lib/gcc/arm-eabi/4.7.0/../../../../arm-eabi/lib/thumb\libc.a(lib_a-strncpy.o)
                0x02071c68                strncpy
 .text          0x02071cc8       0x34 c:/devkitpro/devkitarm/bin/../lib/gcc/arm-eabi/4.7.0/../../../../arm-eabi/lib/thumb\libc.a(lib_a-strnlen.o)
                0x02071cc8                strnlen
 .text          0x02071cfc       0x50 c:/devkitpro/devkitarm/bin/../lib/gcc/arm-eabi/4.7.0/../../../../arm-eabi/lib/thumb\libc.a(lib_a-strpbrk.o)
                0x02071cfc                strpbrk
 .text          0x02071d4c       0x2c c:/devkitpro/devkitarm/bin/../lib/gcc/arm-eabi/4.7.0/../../../../arm-eabi/lib/thumb\libc.a(lib_a-strrchr.o)
                0x02071d4c                strrchr
 .text          0x02071d78      0x190 c:/devkitpro/devkitarm/bin/../lib/gcc/arm-eabi/4.7.0/../../../../arm-eabi/lib/thumb\libc.a(lib_a-strtol.o)
                0x02071d78                _strtol_r
                0x02071ee8                strtol
 .text          0x02071f08      0xa98 c:/devkitpro/devkitarm/bin/../lib/gcc/arm-eabi/4.7.0/../../../../arm-eabi/lib/thumb\libc.a(lib_a-svfiscanf.o)
                0x02071f08                _sungetc_r
                0x02071f90                __ssrefill_r
                0x02071fd4                _sfread_r
                0x02072060                __ssvfiscanf_r
 .text          0x020729a0     0x1728 c:/devkitpro/devkitarm/bin/../lib/gcc/arm-eabi/4.7.0/../../../../arm-eabi/lib/thumb\libc.a(lib_a-svfprintf.o)
                0x020729a0                _svfprintf_r
 .text          0x020740c8       0x18 c:/devkitpro/devkitarm/bin/../lib/gcc/arm-eabi/4.7.0/../../../../arm-eabi/lib/thumb\libc.a(lib_a-sysclose.o)
                0x020740c8                close
 .text          0x020740e0       0x20 c:/devkitpro/devkitarm/bin/../lib/gcc/arm-eabi/4.7.0/../../../../arm-eabi/lib/thumb\libc.a(lib_a-syslseek.o)
                0x020740e0                lseek
 .text          0x02074100       0x24 c:/devkitpro/devkitarm/bin/../lib/gcc/arm-eabi/4.7.0/../../../../arm-eabi/lib/thumb\libc.a(lib_a-sysopen.o)
                0x02074100                open
 .text          0x02074124       0x20 c:/devkitpro/devkitarm/bin/../lib/gcc/arm-eabi/4.7.0/../../../../arm-eabi/lib/thumb\libc.a(lib_a-sysread.o)
                0x02074124                read
 .text          0x02074144       0x18 c:/devkitpro/devkitarm/bin/../lib/gcc/arm-eabi/4.7.0/../../../../arm-eabi/lib/thumb\libc.a(lib_a-syssbrk.o)
                0x02074144                sbrk
 .text          0x0207415c       0x1c c:/devkitpro/devkitarm/bin/../lib/gcc/arm-eabi/4.7.0/../../../../arm-eabi/lib/thumb\libc.a(lib_a-sysstat.o)
                0x0207415c                stat
 .text          0x02074178       0x20 c:/devkitpro/devkitarm/bin/../lib/gcc/arm-eabi/4.7.0/../../../../arm-eabi/lib/thumb\libc.a(lib_a-syswrite.o)
                0x02074178                write
 .text          0x02074198       0x30 c:/devkitpro/devkitarm/bin/../lib/gcc/arm-eabi/4.7.0/../../../../arm-eabi/lib/thumb\libc.a(lib_a-time.o)
                0x02074198                time
 .text          0x020741c8      0x730 c:/devkitpro/devkitarm/bin/../lib/gcc/arm-eabi/4.7.0/../../../../arm-eabi/lib/thumb\libc.a(lib_a-towlower.o)
                0x020741c8                towlower
 .text          0x020748f8      0x9dc c:/devkitpro/devkitarm/bin/../lib/gcc/arm-eabi/4.7.0/../../../../arm-eabi/lib/thumb\libc.a(lib_a-towupper.o)
                0x020748f8                towupper
 .text          0x020752d4        0x8 c:/devkitpro/devkitarm/bin/../lib/gcc/arm-eabi/4.7.0/../../../../arm-eabi/lib/thumb\libc.a(lib_a-tzlock.o)
                0x020752d4                __tz_lock
                0x020752d8                __tz_unlock
 .text          0x020752dc        0x0 c:/devkitpro/devkitarm/bin/../lib/gcc/arm-eabi/4.7.0/../../../../arm-eabi/lib/thumb\libc.a(lib_a-tzvars.o)
 .text          0x020752dc      0x188 c:/devkitpro/devkitarm/bin/../lib/gcc/arm-eabi/4.7.0/../../../../arm-eabi/lib/thumb\libc.a(lib_a-ungetc.o)
                0x020752dc                __submore
                0x02075364                _ungetc_r
                0x02075448                ungetc
 .text          0x02075464        0x4 c:/devkitpro/devkitarm/bin/../lib/gcc/arm-eabi/4.7.0/../../../../arm-eabi/lib/thumb\libc.a(lib_a-u_strerr.o)
                0x02075464                _user_strerror
 .text          0x02075468      0xed4 c:/devkitpro/devkitarm/bin/../lib/gcc/arm-eabi/4.7.0/../../../../arm-eabi/lib/thumb\libc.a(lib_a-vfiprintf.o)
                0x02075468                __sprint_r
                0x020754ec                _vfiprintf_r
                0x02076318                vfiprintf
 *fill*         0x0207633c        0x4 ff
 .text          0x02076340     0x17e0 c:/devkitpro/devkitarm/bin/../lib/gcc/arm-eabi/4.7.0/../../../../arm-eabi/lib/thumb\libc.a(lib_a-vfprintf.o)
                0x02076340                _vfprintf_r
                0x02077af8                vfprintf
 .text          0x02077b20       0x84 c:/devkitpro/devkitarm/bin/../lib/gcc/arm-eabi/4.7.0/../../../../arm-eabi/lib/thumb\libc.a(lib_a-vsnprintf.o)
                0x02077b20                _vsnprintf_r
                0x02077b7c                vsnprintf
 .text          0x02077ba4       0xd0 c:/devkitpro/devkitarm/bin/../lib/gcc/arm-eabi/4.7.0/../../../../arm-eabi/lib/thumb\libc.a(lib_a-wbuf.o)
                0x02077ba4                __swbuf_r
                0x02077c58                __swbuf
 .text          0x02077c74       0xe8 c:/devkitpro/devkitarm/bin/../lib/gcc/arm-eabi/4.7.0/../../../../arm-eabi/lib/thumb\libc.a(lib_a-wcrtomb.o)
                0x02077c74                _wcrtomb_r
                0x02077cdc                wcrtomb
 .text          0x02077d5c       0x40 c:/devkitpro/devkitarm/bin/../lib/gcc/arm-eabi/4.7.0/../../../../arm-eabi/lib/thumb\libc.a(lib_a-wcsrtombs.o)
                0x02077d5c                _wcsrtombs_r
                0x02077d74                wcsrtombs
 .text          0x02077d9c       0x54 c:/devkitpro/devkitarm/bin/../lib/gcc/arm-eabi/4.7.0/../../../../arm-eabi/lib/thumb\libc.a(lib_a-wctob.o)
                0x02077d9c                wctob
 .text          0x02077df0      0x2a4 c:/devkitpro/devkitarm/bin/../lib/gcc/arm-eabi/4.7.0/../../../../arm-eabi/lib/thumb\libc.a(lib_a-wctomb_r.o)
                0x02077df0                __utf8_wctomb
                0x02077ea4                _wctomb_r
                0x02077edc                __ascii_wctomb
                0x02077efc                __sjis_wctomb
                0x02077f78                __eucjp_wctomb
                0x02078014                __jis_wctomb
 .text          0x02078094       0xd0 c:/devkitpro/devkitarm/bin/../lib/gcc/arm-eabi/4.7.0/../../../../arm-eabi/lib/thumb\libc.a(lib_a-wsetup.o)
                0x02078094                __swsetup_r
 .text          0x02078164       0xc8 c:/devkitpro/devkitarm/bin/../lib/gcc/arm-eabi/4.7.0/../../../../arm-eabi/lib/thumb\libc.a(lib_a-__atexit.o)
                0x02078164                __register_exitproc
 .text          0x0207822c       0x40 c:/devkitpro/devkitarm/bin/../lib/gcc/arm-eabi/4.7.0/../../../../arm-eabi/lib/thumb\libc.a(lib_a-div.o)
                0x0207822c                div
 *fill*         0x0207826c        0x4 ff
 .text          0x02078270     0x10a8 c:/devkitpro/devkitarm/bin/../lib/gcc/arm-eabi/4.7.0/../../../../arm-eabi/lib/thumb\libc.a(lib_a-dtoa.o)
                0x020783d0                _dtoa_r
 .text          0x02079318       0x70 c:/devkitpro/devkitarm/bin/../lib/gcc/arm-eabi/4.7.0/../../../../arm-eabi/lib/thumb\libc.a(lib_a-flags.o)
                0x02079318                __sflags
 .text          0x02079388      0x104 c:/devkitpro/devkitarm/bin/../lib/gcc/arm-eabi/4.7.0/../../../../arm-eabi/lib/thumb\libc.a(lib_a-fputwc.o)
                0x02079388                _fputwc_r
                0x02079460                fputwc
 .text          0x0207948c       0xa8 c:/devkitpro/devkitarm/bin/../lib/gcc/arm-eabi/4.7.0/../../../../arm-eabi/lib/thumb\libc.a(lib_a-getenv_r.o)
                0x0207948c                _findenv_r
                0x02079524                _getenv_r
 .text          0x02079534        0x8 c:/devkitpro/devkitarm/bin/../lib/gcc/arm-eabi/4.7.0/../../../../arm-eabi/lib/thumb\libc.a(lib_a-gettzinfo.o)
                0x02079534                __gettzinfo
 .text          0x0207953c       0x78 c:/devkitpro/devkitarm/bin/../lib/gcc/arm-eabi/4.7.0/../../../../arm-eabi/lib/thumb\libc.a(lib_a-iswspace.o)
                0x0207953c                iswspace
 .text          0x020795b4      0x1f0 c:/devkitpro/devkitarm/bin/../lib/gcc/arm-eabi/4.7.0/../../../../arm-eabi/lib/thumb\libc.a(lib_a-jp2uc.o)
                0x02079740                _jp2uc
 .text          0x020797a4       0xe8 c:/devkitpro/devkitarm/bin/../lib/gcc/arm-eabi/4.7.0/../../../../arm-eabi/lib/thumb\libc.a(lib_a-mbsnrtowcs.o)
                0x020797a4                _mbsnrtowcs_r
                0x02079860                mbsnrtowcs
 *fill*         0x0207988c        0x4 ff
 .text          0x02079890      0x9a0 c:/devkitpro/devkitarm/bin/../lib/gcc/arm-eabi/4.7.0/../../../../arm-eabi/lib/thumb\libc.a(lib_a-mprec.o)
                0x02079890                _Balloc
                0x020798e4                _Bfree
                0x020798fc                __multadd
                0x020799a8                __s2b
                0x02079a44                __hi0bits
                0x02079a7c                __lo0bits
                0x02079adc                __i2b
                0x02079af4                __multiply
                0x02079c60                __pow5mult
                0x02079d10                __lshift
                0x02079de0                __mcmp
                0x02079e1c                __mdiff
                0x02079f0c                __ulp
                0x02079f54                __b2d
                0x0207a00c                __d2b
                0x0207a0c4                __ratio
                0x0207a140                _mprec_log10
                0x0207a184                __copybits
                0x0207a1cc                __any_on
 .text          0x0207a230       0x7c c:/devkitpro/devkitarm/bin/../lib/gcc/arm-eabi/4.7.0/../../../../arm-eabi/lib/thumb\libc.a(lib_a-sccl.o)
                0x0207a230                __sccl
 *fill*         0x0207a2ac        0x4 ff
 .text          0x0207a2b0      0x208 c:/devkitpro/devkitarm/bin/../lib/gcc/arm-eabi/4.7.0/../../../../arm-eabi/lib/thumb\libc.a(lib_a-strtoll_r.o)
                0x0207a2b0                _strtoll_r
 .text          0x0207a4b8      0x238 c:/devkitpro/devkitarm/bin/../lib/gcc/arm-eabi/4.7.0/../../../../arm-eabi/lib/thumb\libc.a(lib_a-strtoull_r.o)
                0x0207a4b8                _strtoull_r
 .text          0x0207a6f0      0x198 c:/devkitpro/devkitarm/bin/../lib/gcc/arm-eabi/4.7.0/../../../../arm-eabi/lib/thumb\libc.a(lib_a-strtoul.o)
                0x0207a6f0                _strtoul_r
                0x0207a868                strtoul
 .text          0x0207a888      0xeb4 c:/devkitpro/devkitarm/bin/../lib/gcc/arm-eabi/4.7.0/../../../../arm-eabi/lib/thumb\libc.a(lib_a-svfiprintf.o)
                0x0207a888                __ssprint_r
                0x0207a9b8                _svfiprintf_r
 .text          0x0207b73c      0x150 c:/devkitpro/devkitarm/bin/../lib/gcc/arm-eabi/4.7.0/../../../../arm-eabi/lib/thumb\libc.a(lib_a-wcsnrtombs.o)
                0x0207b73c                _wcsnrtombs_r
                0x0207b85c                wcsnrtombs
 .text          0x0207b88c        0x0 c:/devkitpro/devkitarm/bin/../lib/gcc/arm-eabi/4.7.0/../../../../arm-eabi/lib/thumb\libc.a(lib_a-environ.o)
 .text          0x0207b88c        0x8 c:/devkitpro/devkitarm/bin/../lib/gcc/arm-eabi/4.7.0/../../../../arm-eabi/lib/thumb\libc.a(lib_a-envlock.o)
                0x0207b88c                __env_lock
                0x0207b890                __env_unlock
 .text          0x0207b894      0x144 c:/devkitpro/devkitarm/bin/../lib/gcc/arm-eabi/4.7.0/../../../../arm-eabi/lib/thumb\libsysbase.a(iosupport.o)
                0x0207b894                setDefaultDevice
                0x0207b8a8                FindDevice
                0x0207b918                RemoveDevice
                0x0207b93c                AddDevice
                0x0207b9b8                GetDeviceOpTab
 .text          0x0207b9d8       0x50 c:/devkitpro/devkitarm/bin/../lib/gcc/arm-eabi/4.7.0/../../../../arm-eabi/lib/thumb\libsysbase.a(close.o)
                0x0207b9d8                _close_r
 .text          0x0207ba28       0x50 c:/devkitpro/devkitarm/bin/../lib/gcc/arm-eabi/4.7.0/../../../../arm-eabi/lib/thumb\libsysbase.a(fstat.o)
                0x0207ba28                _fstat_r
 .text          0x0207ba78        0xc c:/devkitpro/devkitarm/bin/../lib/gcc/arm-eabi/4.7.0/../../../../arm-eabi/lib/thumb\libsysbase.a(getpid.o)
                0x0207ba78                _getpid_r
 .text          0x0207ba84        0x4 c:/devkitpro/devkitarm/bin/../lib/gcc/arm-eabi/4.7.0/../../../../arm-eabi/lib/thumb\libsysbase.a(isatty.o)
                0x0207ba84                _isatty_r
 .text          0x0207ba88        0xc c:/devkitpro/devkitarm/bin/../lib/gcc/arm-eabi/4.7.0/../../../../arm-eabi/lib/thumb\libsysbase.a(kill.o)
                0x0207ba88                _kill_r
 .text          0x0207ba94       0x50 c:/devkitpro/devkitarm/bin/../lib/gcc/arm-eabi/4.7.0/../../../../arm-eabi/lib/thumb\libsysbase.a(lseek.o)
                0x0207ba94                _lseek_r
 .text          0x0207bae4       0xa0 c:/devkitpro/devkitarm/bin/../lib/gcc/arm-eabi/4.7.0/../../../../arm-eabi/lib/thumb\libsysbase.a(open.o)
                0x0207bae4                _open_r
 .text          0x0207bb84       0x50 c:/devkitpro/devkitarm/bin/../lib/gcc/arm-eabi/4.7.0/../../../../arm-eabi/lib/thumb\libsysbase.a(read.o)
                0x0207bb84                _read_r
 .text          0x0207bbd4       0x54 c:/devkitpro/devkitarm/bin/../lib/gcc/arm-eabi/4.7.0/../../../../arm-eabi/lib/thumb\libsysbase.a(sbrk.o)
                0x0207bbd4                _sbrk_r
 .text          0x0207bc28       0x40 c:/devkitpro/devkitarm/bin/../lib/gcc/arm-eabi/4.7.0/../../../../arm-eabi/lib/thumb\libsysbase.a(stat.o)
                0x0207bc28                _stat_r
 .text          0x0207bc68       0x44 c:/devkitpro/devkitarm/bin/../lib/gcc/arm-eabi/4.7.0/../../../../arm-eabi/lib/thumb\libsysbase.a(times.o)
                0x0207bc68                _times
                0x0207bc7c                _times_r
                0x0207bc84                _gettimeofday_r
 .text          0x0207bcac       0x58 c:/devkitpro/devkitarm/bin/../lib/gcc/arm-eabi/4.7.0/../../../../arm-eabi/lib/thumb\libsysbase.a(write.o)
                0x0207bcac                _write_r
 .text          0x0207bd04       0x18 c:/devkitpro/devkitarm/bin/../lib/gcc/arm-eabi/4.7.0/../../../../arm-eabi/lib/thumb\libsysbase.a(_exit.o)
                0x0207bd04                _exit
 .text          0x0207bd1c        0x0 c:/devkitpro/devkitarm/bin/../lib/gcc/arm-eabi/4.7.0/../../../../arm-eabi/lib/thumb\libsysbase.a(malloc_vars.o)
 .text          0x0207bd1c      0x24c c:/devkitpro/devkitarm/bin/../lib/gcc/arm-eabi/4.7.0/../../../../arm-eabi/lib/thumb\libsysbase.a(chdir.o)
                0x0207bd1c                _concatenate_path
                0x0207be38                chdir
                0x0207bf18                getcwd
 .text          0x0207bf68       0x4c c:/devkitpro/devkitarm/bin/../lib/gcc/arm-eabi/4.7.0/../../../../arm-eabi/lib/thumb\libsysbase.a(build_argv.o)
                0x0207bf68                build_argv
 .text          0x0207bfb4        0x0 c:/devkitpro/devkitarm/bin/../lib/gcc/arm-eabi/4.7.0/../../../../arm-eabi/lib/thumb\libsysbase.a(syscall_support.o)
 .text          0x0207bfb4       0x84 c:/devkitpro/devkitarm/bin/../lib/gcc/arm-eabi/4.7.0/../../../../arm-eabi/lib/thumb\libsysbase.a(handle_manager.o)
                0x0207bfb4                __release_handle
                0x0207bfe0                __alloc_handle
                0x0207c018                __get_handle
 .text          0x0207c038      0x340 c:/devkitpro/devkitarm/bin/../lib/gcc/arm-eabi/4.7.0/../../../../arm-eabi/lib/thumb\libsysbase.a(dirent.o)
                0x0207c0b8                opendir
                0x0207c164                closedir
                0x0207c1c4                readdir
                0x0207c268                readdir_r
                0x0207c2f4                rewinddir
                0x0207c30c                seekdir
                0x0207c360                telldir
 .text          0x0207c378       0x3c c:/devkitpro/devkitarm/bin/../lib/gcc/arm-eabi/4.7.0/thumb\libgcc.a(_aeabi_uldivmod.o)
                0x0207c378                __aeabi_uldivmod
 .text          0x0207c3b4       0x7c c:/devkitpro/devkitarm/bin/../lib/gcc/arm-eabi/4.7.0/thumb\libgcc.a(bpabi.o)
                0x0207c3b4                __gnu_ldivmod_helper
                0x0207c3f4                __gnu_uldivmod_helper
 .text          0x0207c430      0x3d4 c:/devkitpro/devkitarm/bin/../lib/gcc/arm-eabi/4.7.0/thumb\libgcc.a(_divdi3.o)
                0x0207c430                __divdi3
 .text          0x0207c804      0x3a0 c:/devkitpro/devkitarm/bin/../lib/gcc/arm-eabi/4.7.0/thumb\libgcc.a(_udivdi3.o)
                0x0207c804                __udivdi3
 .text          0x0207cba4        0x0 c:/devkitpro/devkitarm/bin/../lib/gcc/arm-eabi/4.7.0/thumb/crtend.o
 .text          0x0207cba4        0x0 c:/devkitpro/devkitarm/bin/../lib/gcc/arm-eabi/4.7.0/thumb/crtn.o
 *(.text.*)
 .text.startup  0x0207cba4       0x2c GBA.o
 .text._Z11emuInstrARMjPi
                0x0207cbd0     0x911c cpumg.o
                0x0207cbd0                _Z11emuInstrARMjPi
 .text._Z13emuInstrTHUMBtPi
                0x02085cec     0x1be8 cpumg.o
                0x02085cec                _Z13emuInstrTHUMBtPi
 .text._ZNSt6vectorI8DirEntrySaIS0_EE13_M_insert_auxEN9__gnu_cxx17__normal_iteratorIPS0_S2_EERKS0_
                0x020878d4      0x1b4 file_browse.o
                0x020878d4                _ZNSt6vectorI8DirEntrySaIS0_EE13_M_insert_auxEN9__gnu_cxx17__normal_iteratorIPS0_S2_EERKS0_
 .text._ZSt19__move_median_firstIN9__gnu_cxx17__normal_iteratorIP8DirEntrySt6vectorIS2_SaIS2_EEEEPFbRKS2_S9_EEvT_SC_SC_T0_
                0x02087a88       0xb0 file_browse.o
                0x02087a88                _ZSt19__move_median_firstIN9__gnu_cxx17__normal_iteratorIP8DirEntrySt6vectorIS2_SaIS2_EEEEPFbRKS2_S9_EEvT_SC_SC_T0_
 .text._ZSt21__unguarded_partitionIN9__gnu_cxx17__normal_iteratorIP8DirEntrySt6vectorIS2_SaIS2_EEEES2_PFbRKS2_S9_EET_SC_SC_RKT0_T1_
                0x02087b38       0x98 file_browse.o
                0x02087b38                _ZSt21__unguarded_partitionIN9__gnu_cxx17__normal_iteratorIP8DirEntrySt6vectorIS2_SaIS2_EEEES2_PFbRKS2_S9_EET_SC_SC_RKT0_T1_
 .text._ZSt25__unguarded_linear_insertIN9__gnu_cxx17__normal_iteratorIP8DirEntrySt6vectorIS2_SaIS2_EEEEPFbRKS2_S9_EEvT_T0_
                0x02087bd0       0x6c file_browse.o
                0x02087bd0                _ZSt25__unguarded_linear_insertIN9__gnu_cxx17__normal_iteratorIP8DirEntrySt6vectorIS2_SaIS2_EEEEPFbRKS2_S9_EEvT_T0_
 .text._ZSt16__insertion_sortIN9__gnu_cxx17__normal_iteratorIP8DirEntrySt6vectorIS2_SaIS2_EEEEPFbRKS2_S9_EEvT_SC_T0_
                0x02087c3c       0xc0 file_browse.o
                0x02087c3c                _ZSt16__insertion_sortIN9__gnu_cxx17__normal_iteratorIP8DirEntrySt6vectorIS2_SaIS2_EEEEPFbRKS2_S9_EEvT_SC_T0_
 .text._ZSt13__adjust_heapIN9__gnu_cxx17__normal_iteratorIP8DirEntrySt6vectorIS2_SaIS2_EEEEiS2_PFbRKS2_S9_EEvT_T0_SD_T1_T2_
                0x02087cfc      0x148 file_browse.o
                0x02087cfc                _ZSt13__adjust_heapIN9__gnu_cxx17__normal_iteratorIP8DirEntrySt6vectorIS2_SaIS2_EEEEiS2_PFbRKS2_S9_EEvT_T0_SD_T1_T2_
 .text._ZSt9make_heapIN9__gnu_cxx17__normal_iteratorIP8DirEntrySt6vectorIS2_SaIS2_EEEEPFbRKS2_S9_EEvT_SC_T0_
                0x02087e44       0xcc file_browse.o
                0x02087e44                _ZSt9make_heapIN9__gnu_cxx17__normal_iteratorIP8DirEntrySt6vectorIS2_SaIS2_EEEEPFbRKS2_S9_EEvT_SC_T0_
 .text._ZSt13__heap_selectIN9__gnu_cxx17__normal_iteratorIP8DirEntrySt6vectorIS2_SaIS2_EEEEPFbRKS2_S9_EEvT_SC_SC_T0_
                0x02087f10       0xc4 file_browse.o
                0x02087f10                _ZSt13__heap_selectIN9__gnu_cxx17__normal_iteratorIP8DirEntrySt6vectorIS2_SaIS2_EEEEPFbRKS2_S9_EEvT_SC_SC_T0_
 .text._ZSt9sort_heapIN9__gnu_cxx17__normal_iteratorIP8DirEntrySt6vectorIS2_SaIS2_EEEEPFbRKS2_S9_EEvT_SC_T0_
                0x02087fd4       0xb0 file_browse.o
                0x02087fd4                _ZSt9sort_heapIN9__gnu_cxx17__normal_iteratorIP8DirEntrySt6vectorIS2_SaIS2_EEEEPFbRKS2_S9_EEvT_SC_T0_
 .text._ZSt16__introsort_loopIN9__gnu_cxx17__normal_iteratorIP8DirEntrySt6vectorIS2_SaIS2_EEEEiPFbRKS2_S9_EEvT_SC_T0_T1_
                0x02088084      0x408 file_browse.o
                0x02088084                _ZSt16__introsort_loopIN9__gnu_cxx17__normal_iteratorIP8DirEntrySt6vectorIS2_SaIS2_EEEEiPFbRKS2_S9_EEvT_SC_T0_T1_
 .text.startup  0x0208848c      0x574 main.o
                0x0208848c                main
 .text._Znwj    0x02088a00       0x60 c:/devkitpro/devkitarm/bin/../lib/gcc/arm-eabi/4.7.0/../../../../arm-eabi/lib/thumb\libstdc++.a(new_op.o)
                0x02088a00                _Znwj
 .text._ZN10__cxxabiv1L24__is_gxx_exception_classEPc
                0x02088a60       0x40 c:/devkitpro/devkitarm/bin/../lib/gcc/arm-eabi/4.7.0/../../../../arm-eabi/lib/thumb\libstdc++.a(eh_call.o)
 .text.__cxa_call_terminate
                0x02088aa0       0x24 c:/devkitpro/devkitarm/bin/../lib/gcc/arm-eabi/4.7.0/../../../../arm-eabi/lib/thumb\libstdc++.a(eh_call.o)
                0x02088aa0                __cxa_call_terminate
 .text.__cxa_call_unexpected
                0x02088ac4       0xec c:/devkitpro/devkitarm/bin/../lib/gcc/arm-eabi/4.7.0/../../../../arm-eabi/lib/thumb\libstdc++.a(eh_call.o)
                0x02088ac4                __cxa_call_unexpected
 .text._ZL12read_sleb128PKhPl
                0x02088bb0       0x34 c:/devkitpro/devkitarm/bin/../lib/gcc/arm-eabi/4.7.0/../../../../arm-eabi/lib/thumb\libstdc++.a(eh_personality.o)
 .text._ZL28read_encoded_value_with_basehjPKhPj
                0x02088be4       0xd8 c:/devkitpro/devkitarm/bin/../lib/gcc/arm-eabi/4.7.0/../../../../arm-eabi/lib/thumb\libstdc++.a(eh_personality.o)
 .text._ZL21base_of_encoded_valuehP15_Unwind_Context
                0x02088cbc       0x4c c:/devkitpro/devkitarm/bin/../lib/gcc/arm-eabi/4.7.0/../../../../arm-eabi/lib/thumb\libstdc++.a(eh_personality.o)
 .text._ZL17parse_lsda_headerP15_Unwind_ContextPKhP16lsda_header_info
                0x02088d08       0x98 c:/devkitpro/devkitarm/bin/../lib/gcc/arm-eabi/4.7.0/../../../../arm-eabi/lib/thumb\libstdc++.a(eh_personality.o)
 .text.__gxx_personality_v0
                0x02088da0      0x3ec c:/devkitpro/devkitarm/bin/../lib/gcc/arm-eabi/4.7.0/../../../../arm-eabi/lib/thumb\libstdc++.a(eh_personality.o)
                0x02088da0                __gxx_personality_v0
 .text._ZdlPv   0x0208918c       0x10 c:/devkitpro/devkitarm/bin/../lib/gcc/arm-eabi/4.7.0/../../../../arm-eabi/lib/thumb\libstdc++.a(del_op.o)
                0x0208918c                _ZdlPv
 .text._ZN10__cxxabiv111__terminateEPFvvE
                0x0208919c       0x2c c:/devkitpro/devkitarm/bin/../lib/gcc/arm-eabi/4.7.0/../../../../arm-eabi/lib/thumb\libstdc++.a(eh_terminate.o)
                0x0208919c                _ZN10__cxxabiv111__terminateEPFvvE
 .text._ZSt9terminatev
                0x020891c8       0x10 c:/devkitpro/devkitarm/bin/../lib/gcc/arm-eabi/4.7.0/../../../../arm-eabi/lib/thumb\libstdc++.a(eh_terminate.o)
                0x020891c8                _ZSt9terminatev
 .text._ZN10__cxxabiv112__unexpectedEPFvvE
                0x020891d8        0xc c:/devkitpro/devkitarm/bin/../lib/gcc/arm-eabi/4.7.0/../../../../arm-eabi/lib/thumb\libstdc++.a(eh_terminate.o)
                0x020891d8                _ZN10__cxxabiv112__unexpectedEPFvvE
 .text._ZSt10unexpectedv
                0x020891e4       0x10 c:/devkitpro/devkitarm/bin/../lib/gcc/arm-eabi/4.7.0/../../../../arm-eabi/lib/thumb\libstdc++.a(eh_terminate.o)
                0x020891e4                _ZSt10unexpectedv
 .text._ZSt13set_terminatePFvvE
                0x020891f4       0x10 c:/devkitpro/devkitarm/bin/../lib/gcc/arm-eabi/4.7.0/../../../../arm-eabi/lib/thumb\libstdc++.a(eh_terminate.o)
                0x020891f4                _ZSt13set_terminatePFvvE
 .text._ZSt14set_unexpectedPFvvE
                0x02089204       0x10 c:/devkitpro/devkitarm/bin/../lib/gcc/arm-eabi/4.7.0/../../../../arm-eabi/lib/thumb\libstdc++.a(eh_terminate.o)
                0x02089204                _ZSt14set_unexpectedPFvvE
 .text._ZNSt9exceptionD2Ev
                0x02089214        0xc c:/devkitpro/devkitarm/bin/../lib/gcc/arm-eabi/4.7.0/../../../../arm-eabi/lib/thumb\libstdc++.a(eh_exception.o)
                0x02089214                _ZNSt9exceptionD1Ev
                0x02089214                _ZNSt9exceptionD2Ev
 .text._ZNSt13bad_exceptionD2Ev
                0x02089220        0xc c:/devkitpro/devkitarm/bin/../lib/gcc/arm-eabi/4.7.0/../../../../arm-eabi/lib/thumb\libstdc++.a(eh_exception.o)
                0x02089220                _ZNSt13bad_exceptionD1Ev
                0x02089220                _ZNSt13bad_exceptionD2Ev
 .text._ZN10__cxxabiv115__forced_unwindD2Ev
                0x0208922c        0xc c:/devkitpro/devkitarm/bin/../lib/gcc/arm-eabi/4.7.0/../../../../arm-eabi/lib/thumb\libstdc++.a(eh_exception.o)
                0x0208922c                _ZN10__cxxabiv115__forced_unwindD2Ev
                0x0208922c                _ZN10__cxxabiv115__forced_unwindD1Ev
 .text._ZN10__cxxabiv119__foreign_exceptionD2Ev
                0x02089238        0xc c:/devkitpro/devkitarm/bin/../lib/gcc/arm-eabi/4.7.0/../../../../arm-eabi/lib/thumb\libstdc++.a(eh_exception.o)
                0x02089238                _ZN10__cxxabiv119__foreign_exceptionD1Ev
                0x02089238                _ZN10__cxxabiv119__foreign_exceptionD2Ev
 .text._ZNKSt9exception4whatEv
                0x02089244        0x8 c:/devkitpro/devkitarm/bin/../lib/gcc/arm-eabi/4.7.0/../../../../arm-eabi/lib/thumb\libstdc++.a(eh_exception.o)
                0x02089244                _ZNKSt9exception4whatEv
 .text._ZNKSt13bad_exception4whatEv
                0x0208924c        0x8 c:/devkitpro/devkitarm/bin/../lib/gcc/arm-eabi/4.7.0/../../../../arm-eabi/lib/thumb\libstdc++.a(eh_exception.o)
                0x0208924c                _ZNKSt13bad_exception4whatEv
 .text._ZN10__cxxabiv119__foreign_exceptionD0Ev
                0x02089254       0x1c c:/devkitpro/devkitarm/bin/../lib/gcc/arm-eabi/4.7.0/../../../../arm-eabi/lib/thumb\libstdc++.a(eh_exception.o)
                0x02089254                _ZN10__cxxabiv119__foreign_exceptionD0Ev
 .text._ZN10__cxxabiv115__forced_unwindD0Ev
                0x02089270       0x1c c:/devkitpro/devkitarm/bin/../lib/gcc/arm-eabi/4.7.0/../../../../arm-eabi/lib/thumb\libstdc++.a(eh_exception.o)
                0x02089270                _ZN10__cxxabiv115__forced_unwindD0Ev
 .text._ZNSt9exceptionD0Ev
                0x0208928c       0x1c c:/devkitpro/devkitarm/bin/../lib/gcc/arm-eabi/4.7.0/../../../../arm-eabi/lib/thumb\libstdc++.a(eh_exception.o)
                0x0208928c                _ZNSt9exceptionD0Ev
 .text._ZNSt13bad_exceptionD0Ev
                0x020892a8       0x1c c:/devkitpro/devkitarm/bin/../lib/gcc/arm-eabi/4.7.0/../../../../arm-eabi/lib/thumb\libstdc++.a(eh_exception.o)
                0x020892a8                _ZNSt13bad_exceptionD0Ev
 .text.__cxa_allocate_exception
                0x020892c4       0x68 c:/devkitpro/devkitarm/bin/../lib/gcc/arm-eabi/4.7.0/../../../../arm-eabi/lib/thumb\libstdc++.a(eh_alloc.o)
                0x020892c4                __cxa_allocate_exception
 .text.__cxa_free_exception
                0x0208932c       0x38 c:/devkitpro/devkitarm/bin/../lib/gcc/arm-eabi/4.7.0/../../../../arm-eabi/lib/thumb\libstdc++.a(eh_alloc.o)
                0x0208932c                __cxa_free_exception
 .text.__cxa_allocate_dependent_exception
                0x02089364       0x60 c:/devkitpro/devkitarm/bin/../lib/gcc/arm-eabi/4.7.0/../../../../arm-eabi/lib/thumb\libstdc++.a(eh_alloc.o)
                0x02089364                __cxa_allocate_dependent_exception
 .text.__cxa_free_dependent_exception
                0x020893c4       0x3c c:/devkitpro/devkitarm/bin/../lib/gcc/arm-eabi/4.7.0/../../../../arm-eabi/lib/thumb\libstdc++.a(eh_alloc.o)
                0x020893c4                __cxa_free_dependent_exception
 .text._ZNKSt9bad_alloc4whatEv
                0x02089400        0x8 c:/devkitpro/devkitarm/bin/../lib/gcc/arm-eabi/4.7.0/../../../../arm-eabi/lib/thumb\libstdc++.a(bad_alloc.o)
                0x02089400                _ZNKSt9bad_alloc4whatEv
 .text._ZNSt9bad_allocD2Ev
                0x02089408       0x1c c:/devkitpro/devkitarm/bin/../lib/gcc/arm-eabi/4.7.0/../../../../arm-eabi/lib/thumb\libstdc++.a(bad_alloc.o)
                0x02089408                _ZNSt9bad_allocD1Ev
                0x02089408                _ZNSt9bad_allocD2Ev
 .text._ZNSt9bad_allocD0Ev
                0x02089424       0x18 c:/devkitpro/devkitarm/bin/../lib/gcc/arm-eabi/4.7.0/../../../../arm-eabi/lib/thumb\libstdc++.a(bad_alloc.o)
                0x02089424                _ZNSt9bad_allocD0Ev
 .text._ZNK10__cxxabiv117__class_type_info11__do_upcastEPKS0_PPv
                0x0208943c       0x40 c:/devkitpro/devkitarm/bin/../lib/gcc/arm-eabi/4.7.0/../../../../arm-eabi/lib/thumb\libstdc++.a(class_type_info.o)
                0x0208943c                _ZNK10__cxxabiv117__class_type_info11__do_upcastEPKS0_PPv
 .text._ZNK10__cxxabiv117__class_type_info20__do_find_public_srcEiPKvPKS0_S2_
                0x0208947c       0x14 c:/devkitpro/devkitarm/bin/../lib/gcc/arm-eabi/4.7.0/../../../../arm-eabi/lib/thumb\libstdc++.a(class_type_info.o)
                0x0208947c                _ZNK10__cxxabiv117__class_type_info20__do_find_public_srcEiPKvPKS0_S2_
 .text._ZNK10__cxxabiv117__class_type_info11__do_upcastEPKS0_PKvRNS0_15__upcast_resultE
                0x02089490       0x24 c:/devkitpro/devkitarm/bin/../lib/gcc/arm-eabi/4.7.0/../../../../arm-eabi/lib/thumb\libstdc++.a(class_type_info.o)
                0x02089490                _ZNK10__cxxabiv117__class_type_info11__do_upcastEPKS0_PKvRNS0_15__upcast_resultE
 .text._ZN10__cxxabiv117__class_type_infoD2Ev
                0x020894b4       0x1c c:/devkitpro/devkitarm/bin/../lib/gcc/arm-eabi/4.7.0/../../../../arm-eabi/lib/thumb\libstdc++.a(class_type_info.o)
                0x020894b4                _ZN10__cxxabiv117__class_type_infoD2Ev
                0x020894b4                _ZN10__cxxabiv117__class_type_infoD1Ev
 .text._ZN10__cxxabiv117__class_type_infoD0Ev
                0x020894d0       0x18 c:/devkitpro/devkitarm/bin/../lib/gcc/arm-eabi/4.7.0/../../../../arm-eabi/lib/thumb\libstdc++.a(class_type_info.o)
                0x020894d0                _ZN10__cxxabiv117__class_type_infoD0Ev
 .text._ZNK10__cxxabiv117__class_type_info12__do_dyncastEiNS0_10__sub_kindEPKS0_PKvS3_S5_RNS0_16__dyncast_resultE
                0x020894e8       0x44 c:/devkitpro/devkitarm/bin/../lib/gcc/arm-eabi/4.7.0/../../../../arm-eabi/lib/thumb\libstdc++.a(class_type_info.o)
                0x020894e8                _ZNK10__cxxabiv117__class_type_info12__do_dyncastEiNS0_10__sub_kindEPKS0_PKvS3_S5_RNS0_16__dyncast_resultE
 .text._ZNK10__cxxabiv117__class_type_info10__do_catchEPKSt9type_infoPPvj
                0x0208952c       0x40 c:/devkitpro/devkitarm/bin/../lib/gcc/arm-eabi/4.7.0/../../../../arm-eabi/lib/thumb\libstdc++.a(class_type_info.o)
                0x0208952c                _ZNK10__cxxabiv117__class_type_info10__do_catchEPKSt9type_infoPPvj
 .text._ZSt15set_new_handlerPFvvE
                0x0208956c       0x10 c:/devkitpro/devkitarm/bin/../lib/gcc/arm-eabi/4.7.0/../../../../arm-eabi/lib/thumb\libstdc++.a(new_handler.o)
                0x0208956c                _ZSt15set_new_handlerPFvvE
 .text.unlikely._ZNSs4_Rep26_M_set_length_and_sharableEj.part.4
                0x0208957c        0xc c:/devkitpro/devkitarm/bin/../lib/gcc/arm-eabi/4.7.0/../../../../arm-eabi/lib/thumb\libstdc++.a(string-inst.o)
 .text._ZNKSs4dataEv
                0x02089588        0x4 c:/devkitpro/devkitarm/bin/../lib/gcc/arm-eabi/4.7.0/../../../../arm-eabi/lib/thumb\libstdc++.a(string-inst.o)
                0x02089588                _ZNKSs4dataEv
 .text._ZNKSs6lengthEv
                0x0208958c        0x8 c:/devkitpro/devkitarm/bin/../lib/gcc/arm-eabi/4.7.0/../../../../arm-eabi/lib/thumb\libstdc++.a(string-inst.o)
                0x0208958c                _ZNKSs6lengthEv
 .text._ZNKSs7_M_dataEv
                0x02089594        0x4 c:/devkitpro/devkitarm/bin/../lib/gcc/arm-eabi/4.7.0/../../../../arm-eabi/lib/thumb\libstdc++.a(string-inst.o)
                0x02089594                _ZNKSs7_M_dataEv
 .text._ZNSs7_M_dataEPc
                0x02089598        0x8 c:/devkitpro/devkitarm/bin/../lib/gcc/arm-eabi/4.7.0/../../../../arm-eabi/lib/thumb\libstdc++.a(string-inst.o)
                0x02089598                _ZNSs7_M_dataEPc
 .text._ZNKSs6_M_repEv
                0x020895a0        0x8 c:/devkitpro/devkitarm/bin/../lib/gcc/arm-eabi/4.7.0/../../../../arm-eabi/lib/thumb\libstdc++.a(string-inst.o)
                0x020895a0                _ZNKSs6_M_repEv
 .text._ZNKSs9_M_ibeginEv
                0x020895a8        0x4 c:/devkitpro/devkitarm/bin/../lib/gcc/arm-eabi/4.7.0/../../../../arm-eabi/lib/thumb\libstdc++.a(string-inst.o)
                0x020895a8                _ZNKSs9_M_ibeginEv
 .text._ZNKSs7_M_iendEv
                0x020895ac        0xc c:/devkitpro/devkitarm/bin/../lib/gcc/arm-eabi/4.7.0/../../../../arm-eabi/lib/thumb\libstdc++.a(string-inst.o)
                0x020895ac                _ZNKSs7_M_iendEv
 .text._ZNKSs8_M_checkEjPKc
                0x020895b8       0x1c c:/devkitpro/devkitarm/bin/../lib/gcc/arm-eabi/4.7.0/../../../../arm-eabi/lib/thumb\libstdc++.a(string-inst.o)
                0x020895b8                _ZNKSs8_M_checkEjPKc
 .text._ZNKSs15_M_check_lengthEjjPKc
                0x020895d4       0x24 c:/devkitpro/devkitarm/bin/../lib/gcc/arm-eabi/4.7.0/../../../../arm-eabi/lib/thumb\libstdc++.a(string-inst.o)
                0x020895d4                _ZNKSs15_M_check_lengthEjjPKc
 .text._ZNKSs8_M_limitEjj
                0x020895f8       0x18 c:/devkitpro/devkitarm/bin/../lib/gcc/arm-eabi/4.7.0/../../../../arm-eabi/lib/thumb\libstdc++.a(string-inst.o)
                0x020895f8                _ZNKSs8_M_limitEjj
 .text._ZNKSs11_M_disjunctEPKc
                0x02089610       0x1c c:/devkitpro/devkitarm/bin/../lib/gcc/arm-eabi/4.7.0/../../../../arm-eabi/lib/thumb\libstdc++.a(string-inst.o)
                0x02089610                _ZNKSs11_M_disjunctEPKc
 .text._ZNSs7_M_copyEPcPKcj
                0x0208962c       0x18 c:/devkitpro/devkitarm/bin/../lib/gcc/arm-eabi/4.7.0/../../../../arm-eabi/lib/thumb\libstdc++.a(string-inst.o)
                0x0208962c                _ZNSs7_M_copyEPcPKcj
 .text._ZNSs7_M_moveEPcPKcj
                0x02089644       0x18 c:/devkitpro/devkitarm/bin/../lib/gcc/arm-eabi/4.7.0/../../../../arm-eabi/lib/thumb\libstdc++.a(string-inst.o)
                0x02089644                _ZNSs7_M_moveEPcPKcj
 .text._ZNSs9_M_assignEPcjc
                0x0208965c       0x1c c:/devkitpro/devkitarm/bin/../lib/gcc/arm-eabi/4.7.0/../../../../arm-eabi/lib/thumb\libstdc++.a(string-inst.o)
                0x0208965c                _ZNSs9_M_assignEPcjc
 .text._ZNSs13_S_copy_charsEPcN9__gnu_cxx17__normal_iteratorIS_SsEES2_
                0x02089678       0x18 c:/devkitpro/devkitarm/bin/../lib/gcc/arm-eabi/4.7.0/../../../../arm-eabi/lib/thumb\libstdc++.a(string-inst.o)
                0x02089678                _ZNSs13_S_copy_charsEPcN9__gnu_cxx17__normal_iteratorIS_SsEES2_
 .text._ZNSs13_S_copy_charsEPcN9__gnu_cxx17__normal_iteratorIPKcSsEES4_
                0x02089690       0x18 c:/devkitpro/devkitarm/bin/../lib/gcc/arm-eabi/4.7.0/../../../../arm-eabi/lib/thumb\libstdc++.a(string-inst.o)
                0x02089690                _ZNSs13_S_copy_charsEPcN9__gnu_cxx17__normal_iteratorIPKcSsEES4_
 .text._ZNSs13_S_copy_charsEPcS_S_
                0x020896a8       0x18 c:/devkitpro/devkitarm/bin/../lib/gcc/arm-eabi/4.7.0/../../../../arm-eabi/lib/thumb\libstdc++.a(string-inst.o)
                0x020896a8                _ZNSs13_S_copy_charsEPcS_S_
 .text._ZNSs13_S_copy_charsEPcPKcS1_
                0x020896c0       0x18 c:/devkitpro/devkitarm/bin/../lib/gcc/arm-eabi/4.7.0/../../../../arm-eabi/lib/thumb\libstdc++.a(string-inst.o)
                0x020896c0                _ZNSs13_S_copy_charsEPcPKcS1_
 .text._ZNSs10_S_compareEjj
                0x020896d8        0x4 c:/devkitpro/devkitarm/bin/../lib/gcc/arm-eabi/4.7.0/../../../../arm-eabi/lib/thumb\libstdc++.a(string-inst.o)
                0x020896d8                _ZNSs10_S_compareEjj
 .text._ZNSs12_S_empty_repEv
                0x020896dc        0x8 c:/devkitpro/devkitarm/bin/../lib/gcc/arm-eabi/4.7.0/../../../../arm-eabi/lib/thumb\libstdc++.a(string-inst.o)
                0x020896dc                _ZNSs12_S_empty_repEv
 .text._ZNSsC2Ev
                0x020896e4        0xc c:/devkitpro/devkitarm/bin/../lib/gcc/arm-eabi/4.7.0/../../../../arm-eabi/lib/thumb\libstdc++.a(string-inst.o)
                0x020896e4                _ZNSsC1Ev
                0x020896e4                _ZNSsC2Ev
 .text._ZNSsC2EOSs
                0x020896f0       0x10 c:/devkitpro/devkitarm/bin/../lib/gcc/arm-eabi/4.7.0/../../../../arm-eabi/lib/thumb\libstdc++.a(string-inst.o)
                0x020896f0                _ZNSsC1EOSs
                0x020896f0                _ZNSsC2EOSs
 .text._ZNKSs5beginEv
                0x02089700        0x4 c:/devkitpro/devkitarm/bin/../lib/gcc/arm-eabi/4.7.0/../../../../arm-eabi/lib/thumb\libstdc++.a(string-inst.o)
                0x02089700                _ZNKSs5beginEv
 .text._ZNKSs3endEv
                0x02089704        0xc c:/devkitpro/devkitarm/bin/../lib/gcc/arm-eabi/4.7.0/../../../../arm-eabi/lib/thumb\libstdc++.a(string-inst.o)
                0x02089704                _ZNKSs3endEv
 .text._ZNKSs6rbeginEv
                0x02089710       0x10 c:/devkitpro/devkitarm/bin/../lib/gcc/arm-eabi/4.7.0/../../../../arm-eabi/lib/thumb\libstdc++.a(string-inst.o)
                0x02089710                _ZNKSs6rbeginEv
 .text._ZNKSs4rendEv
                0x02089720        0x8 c:/devkitpro/devkitarm/bin/../lib/gcc/arm-eabi/4.7.0/../../../../arm-eabi/lib/thumb\libstdc++.a(string-inst.o)
                0x02089720                _ZNKSs4rendEv
 .text._ZNKSs6cbeginEv
                0x02089728        0x4 c:/devkitpro/devkitarm/bin/../lib/gcc/arm-eabi/4.7.0/../../../../arm-eabi/lib/thumb\libstdc++.a(string-inst.o)